Archive member included to satisfy reference by file (symbol)

/usr/lib/gcc/arm-none-eabi/10.3.1/../../../arm-none-eabi/lib/thumb/v6-m/nofp/libc_nano.a(lib_a-init.o)
                              /tmp/cci1HCYJ.o (__libc_init_array)
/usr/lib/gcc/arm-none-eabi/10.3.1/../../../arm-none-eabi/lib/thumb/v6-m/nofp/libc_nano.a(lib_a-memcpy-stub.o)
                              /tmp/ccSspLXG.o (memcpy)
/usr/lib/gcc/arm-none-eabi/10.3.1/../../../arm-none-eabi/lib/thumb/v6-m/nofp/libc_nano.a(lib_a-memset.o)
                              /tmp/ccSspLXG.o (memset)
/usr/lib/gcc/arm-none-eabi/10.3.1/../../../arm-none-eabi/lib/thumb/v6-m/nofp/libc_nano.a(lib_a-puts.o)
                              /tmp/ccSspLXG.o (puts)
/usr/lib/gcc/arm-none-eabi/10.3.1/../../../arm-none-eabi/lib/thumb/v6-m/nofp/libc_nano.a(lib_a-wbuf.o)
                              /usr/lib/gcc/arm-none-eabi/10.3.1/../../../arm-none-eabi/lib/thumb/v6-m/nofp/libc_nano.a(lib_a-puts.o) (__swbuf_r)
/usr/lib/gcc/arm-none-eabi/10.3.1/../../../arm-none-eabi/lib/thumb/v6-m/nofp/libc_nano.a(lib_a-wsetup.o)
                              /usr/lib/gcc/arm-none-eabi/10.3.1/../../../arm-none-eabi/lib/thumb/v6-m/nofp/libc_nano.a(lib_a-puts.o) (__swsetup_r)
/usr/lib/gcc/arm-none-eabi/10.3.1/../../../arm-none-eabi/lib/thumb/v6-m/nofp/libc_nano.a(lib_a-fflush.o)
                              /usr/lib/gcc/arm-none-eabi/10.3.1/../../../arm-none-eabi/lib/thumb/v6-m/nofp/libc_nano.a(lib_a-wbuf.o) (_fflush_r)
/usr/lib/gcc/arm-none-eabi/10.3.1/../../../arm-none-eabi/lib/thumb/v6-m/nofp/libc_nano.a(lib_a-findfp.o)
                              /usr/lib/gcc/arm-none-eabi/10.3.1/../../../arm-none-eabi/lib/thumb/v6-m/nofp/libc_nano.a(lib_a-puts.o) (__sinit)
/usr/lib/gcc/arm-none-eabi/10.3.1/../../../arm-none-eabi/lib/thumb/v6-m/nofp/libc_nano.a(lib_a-fwalk.o)
                              /usr/lib/gcc/arm-none-eabi/10.3.1/../../../arm-none-eabi/lib/thumb/v6-m/nofp/libc_nano.a(lib_a-findfp.o) (_fwalk)
/usr/lib/gcc/arm-none-eabi/10.3.1/../../../arm-none-eabi/lib/thumb/v6-m/nofp/libc_nano.a(lib_a-impure.o)
                              /usr/lib/gcc/arm-none-eabi/10.3.1/../../../arm-none-eabi/lib/thumb/v6-m/nofp/libc_nano.a(lib_a-fflush.o) (_global_impure_ptr)
/usr/lib/gcc/arm-none-eabi/10.3.1/../../../arm-none-eabi/lib/thumb/v6-m/nofp/libc_nano.a(lib_a-makebuf.o)
                              /usr/lib/gcc/arm-none-eabi/10.3.1/../../../arm-none-eabi/lib/thumb/v6-m/nofp/libc_nano.a(lib_a-wsetup.o) (__smakebuf_r)
/usr/lib/gcc/arm-none-eabi/10.3.1/../../../arm-none-eabi/lib/thumb/v6-m/nofp/libc_nano.a(lib_a-nano-freer.o)
                              /usr/lib/gcc/arm-none-eabi/10.3.1/../../../arm-none-eabi/lib/thumb/v6-m/nofp/libc_nano.a(lib_a-wsetup.o) (_free_r)
/usr/lib/gcc/arm-none-eabi/10.3.1/../../../arm-none-eabi/lib/thumb/v6-m/nofp/libc_nano.a(lib_a-nano-mallocr.o)
                              /usr/lib/gcc/arm-none-eabi/10.3.1/../../../arm-none-eabi/lib/thumb/v6-m/nofp/libc_nano.a(lib_a-findfp.o) (_malloc_r)
/usr/lib/gcc/arm-none-eabi/10.3.1/../../../arm-none-eabi/lib/thumb/v6-m/nofp/libc_nano.a(lib_a-sbrkr.o)
                              /usr/lib/gcc/arm-none-eabi/10.3.1/../../../arm-none-eabi/lib/thumb/v6-m/nofp/libc_nano.a(lib_a-nano-mallocr.o) (_sbrk_r)
/usr/lib/gcc/arm-none-eabi/10.3.1/../../../arm-none-eabi/lib/thumb/v6-m/nofp/libc_nano.a(lib_a-stdio.o)
                              /usr/lib/gcc/arm-none-eabi/10.3.1/../../../arm-none-eabi/lib/thumb/v6-m/nofp/libc_nano.a(lib_a-findfp.o) (__sread)
/usr/lib/gcc/arm-none-eabi/10.3.1/../../../arm-none-eabi/lib/thumb/v6-m/nofp/libc_nano.a(lib_a-writer.o)
                              /usr/lib/gcc/arm-none-eabi/10.3.1/../../../arm-none-eabi/lib/thumb/v6-m/nofp/libc_nano.a(lib_a-stdio.o) (_write_r)
/usr/lib/gcc/arm-none-eabi/10.3.1/../../../arm-none-eabi/lib/thumb/v6-m/nofp/libc_nano.a(lib_a-closer.o)
                              /usr/lib/gcc/arm-none-eabi/10.3.1/../../../arm-none-eabi/lib/thumb/v6-m/nofp/libc_nano.a(lib_a-stdio.o) (_close_r)
/usr/lib/gcc/arm-none-eabi/10.3.1/../../../arm-none-eabi/lib/thumb/v6-m/nofp/libc_nano.a(lib_a-fstatr.o)
                              /usr/lib/gcc/arm-none-eabi/10.3.1/../../../arm-none-eabi/lib/thumb/v6-m/nofp/libc_nano.a(lib_a-makebuf.o) (_fstat_r)
/usr/lib/gcc/arm-none-eabi/10.3.1/../../../arm-none-eabi/lib/thumb/v6-m/nofp/libc_nano.a(lib_a-isattyr.o)
                              /usr/lib/gcc/arm-none-eabi/10.3.1/../../../arm-none-eabi/lib/thumb/v6-m/nofp/libc_nano.a(lib_a-makebuf.o) (_isatty_r)
/usr/lib/gcc/arm-none-eabi/10.3.1/../../../arm-none-eabi/lib/thumb/v6-m/nofp/libc_nano.a(lib_a-lseekr.o)
                              /usr/lib/gcc/arm-none-eabi/10.3.1/../../../arm-none-eabi/lib/thumb/v6-m/nofp/libc_nano.a(lib_a-stdio.o) (_lseek_r)
/usr/lib/gcc/arm-none-eabi/10.3.1/../../../arm-none-eabi/lib/thumb/v6-m/nofp/libc_nano.a(lib_a-mlock.o)
                              /usr/lib/gcc/arm-none-eabi/10.3.1/../../../arm-none-eabi/lib/thumb/v6-m/nofp/libc_nano.a(lib_a-nano-freer.o) (__malloc_lock)
/usr/lib/gcc/arm-none-eabi/10.3.1/../../../arm-none-eabi/lib/thumb/v6-m/nofp/libc_nano.a(lib_a-readr.o)
                              /usr/lib/gcc/arm-none-eabi/10.3.1/../../../arm-none-eabi/lib/thumb/v6-m/nofp/libc_nano.a(lib_a-stdio.o) (_read_r)
/usr/lib/gcc/arm-none-eabi/10.3.1/../../../arm-none-eabi/lib/thumb/v6-m/nofp/libc_nano.a(lib_a-reent.o)
                              /usr/lib/gcc/arm-none-eabi/10.3.1/../../../arm-none-eabi/lib/thumb/v6-m/nofp/libc_nano.a(lib_a-sbrkr.o) (errno)

Discarded input sections

 .group         0x0000000000000000        0xc /tmp/ccSspLXG.o
 .group         0x0000000000000000        0xc /tmp/ccSspLXG.o
 .group         0x0000000000000000        0xc /tmp/ccSspLXG.o
 .group         0x0000000000000000        0xc /tmp/ccSspLXG.o
 .group         0x0000000000000000        0xc /tmp/ccSspLXG.o
 .group         0x0000000000000000        0xc /tmp/ccSspLXG.o
 .group         0x0000000000000000        0xc /tmp/ccSspLXG.o
 .group         0x0000000000000000        0xc /tmp/ccSspLXG.o
 .group         0x0000000000000000        0xc /tmp/ccSspLXG.o
 .group         0x0000000000000000        0xc /tmp/ccSspLXG.o
 .group         0x0000000000000000        0xc /tmp/ccSspLXG.o
 .group         0x0000000000000000        0xc /tmp/ccSspLXG.o
 .group         0x0000000000000000        0xc /tmp/ccSspLXG.o
 .group         0x0000000000000000        0xc /tmp/ccSspLXG.o
 .group         0x0000000000000000        0xc /tmp/ccSspLXG.o
 .group         0x0000000000000000        0xc /tmp/ccSspLXG.o
 .group         0x0000000000000000        0xc /tmp/ccSspLXG.o
 .group         0x0000000000000000        0xc /tmp/ccSspLXG.o
 .group         0x0000000000000000        0xc /tmp/ccSspLXG.o
 .group         0x0000000000000000        0xc /tmp/ccSspLXG.o
 .group         0x0000000000000000        0xc /tmp/ccSspLXG.o
 .group         0x0000000000000000        0xc /tmp/ccSspLXG.o
 .group         0x0000000000000000        0xc /tmp/ccSspLXG.o
 .group         0x0000000000000000        0xc /tmp/ccSspLXG.o
 .group         0x0000000000000000        0xc /tmp/ccSspLXG.o
 .group         0x0000000000000000        0xc /tmp/ccSspLXG.o
 .group         0x0000000000000000        0xc /tmp/ccSspLXG.o
 .group         0x0000000000000000        0xc /tmp/ccSspLXG.o
 .group         0x0000000000000000        0xc /tmp/ccSspLXG.o
 .group         0x0000000000000000        0xc /tmp/ccSspLXG.o
 .group         0x0000000000000000        0xc /tmp/ccSspLXG.o
 .group         0x0000000000000000        0xc /tmp/ccSspLXG.o
 .group         0x0000000000000000        0xc /tmp/ccSspLXG.o
 .group         0x0000000000000000        0xc /tmp/ccSspLXG.o
 .group         0x0000000000000000        0xc /tmp/ccSspLXG.o
 .group         0x0000000000000000        0xc /tmp/ccSspLXG.o
 .group         0x0000000000000000        0xc /tmp/ccSspLXG.o
 .group         0x0000000000000000        0xc /tmp/ccSspLXG.o
 .group         0x0000000000000000        0xc /tmp/ccSspLXG.o
 .group         0x0000000000000000        0xc /tmp/ccSspLXG.o
 .group         0x0000000000000000        0xc /tmp/ccSspLXG.o
 .group         0x0000000000000000        0xc /tmp/ccSspLXG.o
 .group         0x0000000000000000        0xc /tmp/ccSspLXG.o
 .group         0x0000000000000000        0xc /tmp/ccSspLXG.o
 .group         0x0000000000000000        0xc /tmp/ccSspLXG.o
 .group         0x0000000000000000        0xc /tmp/ccSspLXG.o
 .group         0x0000000000000000        0xc /tmp/ccSspLXG.o
 .group         0x0000000000000000        0xc /tmp/ccSspLXG.o
 .group         0x0000000000000000        0xc /tmp/ccSspLXG.o
 .group         0x0000000000000000        0xc /tmp/ccSspLXG.o
 .group         0x0000000000000000        0xc /tmp/ccSspLXG.o
 .group         0x0000000000000000        0xc /tmp/ccSspLXG.o
 .group         0x0000000000000000        0xc /tmp/ccSspLXG.o
 .text          0x0000000000000000        0x0 /tmp/ccSspLXG.o
 .data          0x0000000000000000        0x0 /tmp/ccSspLXG.o
 .bss           0x0000000000000000        0x0 /tmp/ccSspLXG.o
 .group         0x0000000000000000        0xc /tmp/ccYrhoir.o
 .group         0x0000000000000000        0xc /tmp/ccYrhoir.o
 .group         0x0000000000000000        0xc /tmp/ccYrhoir.o
 .group         0x0000000000000000        0xc /tmp/ccYrhoir.o
 .group         0x0000000000000000        0xc /tmp/ccYrhoir.o
 .group         0x0000000000000000        0xc /tmp/ccYrhoir.o
 .group         0x0000000000000000        0xc /tmp/ccYrhoir.o
 .group         0x0000000000000000        0xc /tmp/ccYrhoir.o
 .group         0x0000000000000000        0xc /tmp/ccYrhoir.o
 .group         0x0000000000000000        0xc /tmp/ccYrhoir.o
 .group         0x0000000000000000        0xc /tmp/ccYrhoir.o
 .group         0x0000000000000000        0xc /tmp/ccYrhoir.o
 .group         0x0000000000000000        0xc /tmp/ccYrhoir.o
 .group         0x0000000000000000        0xc /tmp/ccYrhoir.o
 .group         0x0000000000000000        0xc /tmp/ccYrhoir.o
 .group         0x0000000000000000        0xc /tmp/ccYrhoir.o
 .group         0x0000000000000000        0xc /tmp/ccYrhoir.o
 .group         0x0000000000000000        0xc /tmp/ccYrhoir.o
 .group         0x0000000000000000        0xc /tmp/ccYrhoir.o
 .group         0x0000000000000000        0xc /tmp/ccYrhoir.o
 .group         0x0000000000000000        0xc /tmp/ccYrhoir.o
 .group         0x0000000000000000        0xc /tmp/ccYrhoir.o
 .group         0x0000000000000000        0xc /tmp/ccYrhoir.o
 .group         0x0000000000000000        0xc /tmp/ccYrhoir.o
 .group         0x0000000000000000        0xc /tmp/ccYrhoir.o
 .group         0x0000000000000000        0xc /tmp/ccYrhoir.o
 .group         0x0000000000000000        0xc /tmp/ccYrhoir.o
 .group         0x0000000000000000        0xc /tmp/ccYrhoir.o
 .group         0x0000000000000000        0xc /tmp/ccYrhoir.o
 .group         0x0000000000000000        0xc /tmp/ccYrhoir.o
 .group         0x0000000000000000        0xc /tmp/ccYrhoir.o
 .group         0x0000000000000000        0xc /tmp/ccYrhoir.o
 .group         0x0000000000000000        0xc /tmp/ccYrhoir.o
 .group         0x0000000000000000        0xc /tmp/ccYrhoir.o
 .group         0x0000000000000000        0xc /tmp/ccYrhoir.o
 .group         0x0000000000000000        0xc /tmp/ccYrhoir.o
 .group         0x0000000000000000        0xc /tmp/ccYrhoir.o
 .group         0x0000000000000000        0xc /tmp/ccYrhoir.o
 .group         0x0000000000000000        0xc /tmp/ccYrhoir.o
 .group         0x0000000000000000        0xc /tmp/ccYrhoir.o
 .group         0x0000000000000000        0xc /tmp/ccYrhoir.o
 .group         0x0000000000000000        0xc /tmp/ccYrhoir.o
 .group         0x0000000000000000        0xc /tmp/ccYrhoir.o
 .group         0x0000000000000000        0xc /tmp/ccYrhoir.o
 .group         0x0000000000000000        0xc /tmp/ccYrhoir.o
 .group         0x0000000000000000        0xc /tmp/ccYrhoir.o
 .group         0x0000000000000000        0xc /tmp/ccYrhoir.o
 .group         0x0000000000000000        0xc /tmp/ccYrhoir.o
 .group         0x0000000000000000        0xc /tmp/ccYrhoir.o
 .group         0x0000000000000000        0xc /tmp/ccYrhoir.o
 .group         0x0000000000000000        0xc /tmp/ccYrhoir.o
 .group         0x0000000000000000        0xc /tmp/ccYrhoir.o
 .group         0x0000000000000000        0xc /tmp/ccYrhoir.o
 .text          0x0000000000000000        0x0 /tmp/ccYrhoir.o
 .data          0x0000000000000000        0x0 /tmp/ccYrhoir.o
 .bss           0x0000000000000000        0x0 /tmp/ccYrhoir.o
 .text._open    0x0000000000000000        0x6 /tmp/ccYrhoir.o
 .text._exit    0x0000000000000000        0x4 /tmp/ccYrhoir.o
 .text._kill    0x0000000000000000        0x2 /tmp/ccYrhoir.o
 .text._getpid  0x0000000000000000        0x6 /tmp/ccYrhoir.o
 .text._link    0x0000000000000000        0x6 /tmp/ccYrhoir.o
 .text._unlink  0x0000000000000000        0x6 /tmp/ccYrhoir.o
 .text._stat    0x0000000000000000        0x6 /tmp/ccYrhoir.o
 .text.mkdir    0x0000000000000000        0x6 /tmp/ccYrhoir.o
 .debug_macro   0x0000000000000000      0xa42 /tmp/ccYrhoir.o
 .debug_macro   0x0000000000000000       0x22 /tmp/ccYrhoir.o
 .debug_macro   0x0000000000000000       0x46 /tmp/ccYrhoir.o
 .debug_macro   0x0000000000000000       0x18 /tmp/ccYrhoir.o
 .debug_macro   0x0000000000000000       0x94 /tmp/ccYrhoir.o
 .debug_macro   0x0000000000000000       0x3c /tmp/ccYrhoir.o
 .debug_macro   0x0000000000000000       0x57 /tmp/ccYrhoir.o
 .debug_macro   0x0000000000000000      0x333 /tmp/ccYrhoir.o
 .debug_macro   0x0000000000000000       0x16 /tmp/ccYrhoir.o
 .debug_macro   0x0000000000000000       0x43 /tmp/ccYrhoir.o
 .debug_macro   0x0000000000000000       0x34 /tmp/ccYrhoir.o
 .debug_macro   0x0000000000000000       0x10 /tmp/ccYrhoir.o
 .debug_macro   0x0000000000000000       0x52 /tmp/ccYrhoir.o
 .debug_macro   0x0000000000000000       0x71 /tmp/ccYrhoir.o
 .debug_macro   0x0000000000000000       0x1c /tmp/ccYrhoir.o
 .debug_macro   0x0000000000000000      0x12a /tmp/ccYrhoir.o
 .debug_macro   0x0000000000000000       0x35 /tmp/ccYrhoir.o
 .debug_macro   0x0000000000000000       0x10 /tmp/ccYrhoir.o
 .debug_macro   0x0000000000000000       0x10 /tmp/ccYrhoir.o
 .debug_macro   0x0000000000000000       0x6a /tmp/ccYrhoir.o
 .debug_macro   0x0000000000000000       0x1c /tmp/ccYrhoir.o
 .debug_macro   0x0000000000000000       0x52 /tmp/ccYrhoir.o
 .debug_macro   0x0000000000000000       0x22 /tmp/ccYrhoir.o
 .debug_macro   0x0000000000000000       0x10 /tmp/ccYrhoir.o
 .debug_macro   0x0000000000000000       0x40 /tmp/ccYrhoir.o
 .debug_macro   0x0000000000000000       0xd5 /tmp/ccYrhoir.o
 .debug_macro   0x0000000000000000       0x1c /tmp/ccYrhoir.o
 .debug_macro   0x0000000000000000       0x3d /tmp/ccYrhoir.o
 .debug_macro   0x0000000000000000      0x12c /tmp/ccYrhoir.o
 .debug_macro   0x0000000000000000      0x103 /tmp/ccYrhoir.o
 .debug_macro   0x0000000000000000      0x34e /tmp/ccYrhoir.o
 .debug_macro   0x0000000000000000       0x22 /tmp/ccYrhoir.o
 .debug_macro   0x0000000000000000       0x1c /tmp/ccYrhoir.o
 .debug_macro   0x0000000000000000       0x10 /tmp/ccYrhoir.o
 .debug_macro   0x0000000000000000       0x16 /tmp/ccYrhoir.o
 .debug_macro   0x0000000000000000      0x145 /tmp/ccYrhoir.o
 .debug_macro   0x0000000000000000       0x16 /tmp/ccYrhoir.o
 .debug_macro   0x0000000000000000       0x16 /tmp/ccYrhoir.o
 .debug_macro   0x0000000000000000       0x29 /tmp/ccYrhoir.o
 .debug_macro   0x0000000000000000       0x22 /tmp/ccYrhoir.o
 .debug_macro   0x0000000000000000       0x1c /tmp/ccYrhoir.o
 .debug_macro   0x0000000000000000       0x22 /tmp/ccYrhoir.o
 .debug_macro   0x0000000000000000       0xaf /tmp/ccYrhoir.o
 .debug_macro   0x0000000000000000      0x391 /tmp/ccYrhoir.o
 .debug_macro   0x0000000000000000     0xfe50 /tmp/ccYrhoir.o
 .debug_macro   0x0000000000000000       0x34 /tmp/ccYrhoir.o
 .text          0x0000000000000000       0x14 /tmp/cci1HCYJ.o
 .data          0x0000000000000000        0x0 /tmp/cci1HCYJ.o
 .bss           0x0000000000000000        0x0 /tmp/cci1HCYJ.o
 .data          0x0000000000000000        0x0 /usr/lib/gcc/arm-none-eabi/10.3.1/../../../arm-none-eabi/lib/thumb/v6-m/nofp/libc_nano.a(lib_a-init.o)
 .bss           0x0000000000000000        0x0 /usr/lib/gcc/arm-none-eabi/10.3.1/../../../arm-none-eabi/lib/thumb/v6-m/nofp/libc_nano.a(lib_a-init.o)
 .data          0x0000000000000000        0x0 /usr/lib/gcc/arm-none-eabi/10.3.1/../../../arm-none-eabi/lib/thumb/v6-m/nofp/libc_nano.a(lib_a-memcpy-stub.o)
 .bss           0x0000000000000000        0x0 /usr/lib/gcc/arm-none-eabi/10.3.1/../../../arm-none-eabi/lib/thumb/v6-m/nofp/libc_nano.a(lib_a-memcpy-stub.o)
 .data          0x0000000000000000        0x0 /usr/lib/gcc/arm-none-eabi/10.3.1/../../../arm-none-eabi/lib/thumb/v6-m/nofp/libc_nano.a(lib_a-memset.o)
 .bss           0x0000000000000000        0x0 /usr/lib/gcc/arm-none-eabi/10.3.1/../../../arm-none-eabi/lib/thumb/v6-m/nofp/libc_nano.a(lib_a-memset.o)
 .data          0x0000000000000000        0x0 /usr/lib/gcc/arm-none-eabi/10.3.1/../../../arm-none-eabi/lib/thumb/v6-m/nofp/libc_nano.a(lib_a-puts.o)
 .bss           0x0000000000000000        0x0 /usr/lib/gcc/arm-none-eabi/10.3.1/../../../arm-none-eabi/lib/thumb/v6-m/nofp/libc_nano.a(lib_a-puts.o)
 .data          0x0000000000000000        0x0 /usr/lib/gcc/arm-none-eabi/10.3.1/../../../arm-none-eabi/lib/thumb/v6-m/nofp/libc_nano.a(lib_a-wbuf.o)
 .bss           0x0000000000000000        0x0 /usr/lib/gcc/arm-none-eabi/10.3.1/../../../arm-none-eabi/lib/thumb/v6-m/nofp/libc_nano.a(lib_a-wbuf.o)
 .data          0x0000000000000000        0x0 /usr/lib/gcc/arm-none-eabi/10.3.1/../../../arm-none-eabi/lib/thumb/v6-m/nofp/libc_nano.a(lib_a-wsetup.o)
 .bss           0x0000000000000000        0x0 /usr/lib/gcc/arm-none-eabi/10.3.1/../../../arm-none-eabi/lib/thumb/v6-m/nofp/libc_nano.a(lib_a-wsetup.o)
 .data          0x0000000000000000        0x0 /usr/lib/gcc/arm-none-eabi/10.3.1/../../../arm-none-eabi/lib/thumb/v6-m/nofp/libc_nano.a(lib_a-fflush.o)
 .bss           0x0000000000000000        0x0 /usr/lib/gcc/arm-none-eabi/10.3.1/../../../arm-none-eabi/lib/thumb/v6-m/nofp/libc_nano.a(lib_a-fflush.o)
 .data          0x0000000000000000        0x0 /usr/lib/gcc/arm-none-eabi/10.3.1/../../../arm-none-eabi/lib/thumb/v6-m/nofp/libc_nano.a(lib_a-findfp.o)
 .bss           0x0000000000000000        0x0 /usr/lib/gcc/arm-none-eabi/10.3.1/../../../arm-none-eabi/lib/thumb/v6-m/nofp/libc_nano.a(lib_a-findfp.o)
 .data          0x0000000000000000        0x0 /usr/lib/gcc/arm-none-eabi/10.3.1/../../../arm-none-eabi/lib/thumb/v6-m/nofp/libc_nano.a(lib_a-fwalk.o)
 .bss           0x0000000000000000        0x0 /usr/lib/gcc/arm-none-eabi/10.3.1/../../../arm-none-eabi/lib/thumb/v6-m/nofp/libc_nano.a(lib_a-fwalk.o)
 .text          0x0000000000000000        0x0 /usr/lib/gcc/arm-none-eabi/10.3.1/../../../arm-none-eabi/lib/thumb/v6-m/nofp/libc_nano.a(lib_a-impure.o)
 .bss           0x0000000000000000        0x0 /usr/lib/gcc/arm-none-eabi/10.3.1/../../../arm-none-eabi/lib/thumb/v6-m/nofp/libc_nano.a(lib_a-impure.o)
 .data          0x0000000000000000        0x0 /usr/lib/gcc/arm-none-eabi/10.3.1/../../../arm-none-eabi/lib/thumb/v6-m/nofp/libc_nano.a(lib_a-makebuf.o)
 .bss           0x0000000000000000        0x0 /usr/lib/gcc/arm-none-eabi/10.3.1/../../../arm-none-eabi/lib/thumb/v6-m/nofp/libc_nano.a(lib_a-makebuf.o)
 .data          0x0000000000000000        0x0 /usr/lib/gcc/arm-none-eabi/10.3.1/../../../arm-none-eabi/lib/thumb/v6-m/nofp/libc_nano.a(lib_a-nano-freer.o)
 .bss           0x0000000000000000        0x0 /usr/lib/gcc/arm-none-eabi/10.3.1/../../../arm-none-eabi/lib/thumb/v6-m/nofp/libc_nano.a(lib_a-nano-freer.o)
 .data          0x0000000000000000        0x0 /usr/lib/gcc/arm-none-eabi/10.3.1/../../../arm-none-eabi/lib/thumb/v6-m/nofp/libc_nano.a(lib_a-nano-mallocr.o)
 .data          0x0000000000000000        0x0 /usr/lib/gcc/arm-none-eabi/10.3.1/../../../arm-none-eabi/lib/thumb/v6-m/nofp/libc_nano.a(lib_a-sbrkr.o)
 .bss           0x0000000000000000        0x0 /usr/lib/gcc/arm-none-eabi/10.3.1/../../../arm-none-eabi/lib/thumb/v6-m/nofp/libc_nano.a(lib_a-sbrkr.o)
 .data          0x0000000000000000        0x0 /usr/lib/gcc/arm-none-eabi/10.3.1/../../../arm-none-eabi/lib/thumb/v6-m/nofp/libc_nano.a(lib_a-stdio.o)
 .bss           0x0000000000000000        0x0 /usr/lib/gcc/arm-none-eabi/10.3.1/../../../arm-none-eabi/lib/thumb/v6-m/nofp/libc_nano.a(lib_a-stdio.o)
 .data          0x0000000000000000        0x0 /usr/lib/gcc/arm-none-eabi/10.3.1/../../../arm-none-eabi/lib/thumb/v6-m/nofp/libc_nano.a(lib_a-writer.o)
 .bss           0x0000000000000000        0x0 /usr/lib/gcc/arm-none-eabi/10.3.1/../../../arm-none-eabi/lib/thumb/v6-m/nofp/libc_nano.a(lib_a-writer.o)
 .data          0x0000000000000000        0x0 /usr/lib/gcc/arm-none-eabi/10.3.1/../../../arm-none-eabi/lib/thumb/v6-m/nofp/libc_nano.a(lib_a-closer.o)
 .bss           0x0000000000000000        0x0 /usr/lib/gcc/arm-none-eabi/10.3.1/../../../arm-none-eabi/lib/thumb/v6-m/nofp/libc_nano.a(lib_a-closer.o)
 .data          0x0000000000000000        0x0 /usr/lib/gcc/arm-none-eabi/10.3.1/../../../arm-none-eabi/lib/thumb/v6-m/nofp/libc_nano.a(lib_a-fstatr.o)
 .bss           0x0000000000000000        0x0 /usr/lib/gcc/arm-none-eabi/10.3.1/../../../arm-none-eabi/lib/thumb/v6-m/nofp/libc_nano.a(lib_a-fstatr.o)
 .data          0x0000000000000000        0x0 /usr/lib/gcc/arm-none-eabi/10.3.1/../../../arm-none-eabi/lib/thumb/v6-m/nofp/libc_nano.a(lib_a-isattyr.o)
 .bss           0x0000000000000000        0x0 /usr/lib/gcc/arm-none-eabi/10.3.1/../../../arm-none-eabi/lib/thumb/v6-m/nofp/libc_nano.a(lib_a-isattyr.o)
 .data          0x0000000000000000        0x0 /usr/lib/gcc/arm-none-eabi/10.3.1/../../../arm-none-eabi/lib/thumb/v6-m/nofp/libc_nano.a(lib_a-lseekr.o)
 .bss           0x0000000000000000        0x0 /usr/lib/gcc/arm-none-eabi/10.3.1/../../../arm-none-eabi/lib/thumb/v6-m/nofp/libc_nano.a(lib_a-lseekr.o)
 .data          0x0000000000000000        0x0 /usr/lib/gcc/arm-none-eabi/10.3.1/../../../arm-none-eabi/lib/thumb/v6-m/nofp/libc_nano.a(lib_a-mlock.o)
 .bss           0x0000000000000000        0x0 /usr/lib/gcc/arm-none-eabi/10.3.1/../../../arm-none-eabi/lib/thumb/v6-m/nofp/libc_nano.a(lib_a-mlock.o)
 .data          0x0000000000000000        0x0 /usr/lib/gcc/arm-none-eabi/10.3.1/../../../arm-none-eabi/lib/thumb/v6-m/nofp/libc_nano.a(lib_a-readr.o)
 .bss           0x0000000000000000        0x0 /usr/lib/gcc/arm-none-eabi/10.3.1/../../../arm-none-eabi/lib/thumb/v6-m/nofp/libc_nano.a(lib_a-readr.o)
 .text          0x0000000000000000      0x12c /usr/lib/gcc/arm-none-eabi/10.3.1/../../../arm-none-eabi/lib/thumb/v6-m/nofp/libc_nano.a(lib_a-reent.o)
 .data          0x0000000000000000        0x0 /usr/lib/gcc/arm-none-eabi/10.3.1/../../../arm-none-eabi/lib/thumb/v6-m/nofp/libc_nano.a(lib_a-reent.o)

Memory Configuration

Name             Origin             Length             Attributes
flash            0x0000000008000000 0x0000000000020000 xr
sram             0x0000000020000000 0x0000000000004000 xrw
*default*        0x0000000000000000 0xffffffffffffffff

Linker script and memory map

LOAD /tmp/ccSspLXG.o
LOAD /tmp/ccYrhoir.o
LOAD /tmp/cci1HCYJ.o
LOAD /usr/lib/gcc/arm-none-eabi/10.3.1/../../../arm-none-eabi/lib/thumb/v6-m/nofp/libc_nano.a
LOAD /usr/lib/gcc/arm-none-eabi/10.3.1/thumb/v6-m/nofp/libgcc.a
                0x0000000020004000                _estack = (ORIGIN (sram) + LENGTH (sram))

.vectors        0x0000000008000000       0xc0
 *(.isr_vector)
 .isr_vector    0x0000000008000000       0xc0 /tmp/cci1HCYJ.o
                0x0000000008000000                g_pfnVectors

.text           0x00000000080000c0      0xfe4
 *(.text*)
 .text.gpio_set_mode
                0x00000000080000c0       0x38 /tmp/ccSspLXG.o
 .text.gpioSetAF.constprop.0
                0x00000000080000f8       0x3a /tmp/ccSspLXG.o
 .text.SystemInit
                0x0000000008000132        0x2 /tmp/ccSspLXG.o
                0x0000000008000132                SystemInit
 .text.startup.main
                0x0000000008000134       0xf4 /tmp/ccSspLXG.o
                0x0000000008000134                main
 .text._fstat   0x0000000008000228       0x14 /tmp/ccYrhoir.o
                0x0000000008000228                _fstat
 .text._sbrk    0x000000000800023c       0x20 /tmp/ccYrhoir.o
                0x000000000800023c                _sbrk
 .text._close   0x000000000800025c        0x6 /tmp/ccYrhoir.o
                0x000000000800025c                _close
 .text._isatty  0x0000000008000262        0x4 /tmp/ccYrhoir.o
                0x0000000008000262                _isatty
 .text._lseek   0x0000000008000266        0x4 /tmp/ccYrhoir.o
                0x0000000008000266                _lseek
 *fill*         0x000000000800026a        0x2 
 .text._write   0x000000000800026c       0x2c /tmp/ccYrhoir.o
                0x000000000800026c                _write
 .text._read    0x0000000008000298        0x6 /tmp/ccYrhoir.o
                0x0000000008000298                _read
 .text._init    0x000000000800029e        0x2 /tmp/ccYrhoir.o
                0x000000000800029e                _init
 .text.Reset_Handler
                0x00000000080002a0       0x50 /tmp/cci1HCYJ.o
                0x00000000080002a0                Reset_Handler
 .text.Default_Handler
                0x00000000080002f0        0x2 /tmp/cci1HCYJ.o
                0x00000000080002f0                TIM1_CC_IRQHandler
                0x00000000080002f0                TSC_IRQHandler
                0x00000000080002f0                HardFault_Handler
                0x00000000080002f0                ADC1_COMP_IRQHandler
                0x00000000080002f0                SysTick_Handler
                0x00000000080002f0                PendSV_Handler
                0x00000000080002f0                NMI_Handler
                0x00000000080002f0                I2C1_IRQHandler
                0x00000000080002f0                RCC_CRS_IRQHandler
                0x00000000080002f0                SPI1_IRQHandler
                0x00000000080002f0                TIM6_DAC_IRQHandler
                0x00000000080002f0                USART3_4_IRQHandler
                0x00000000080002f0                EXTI2_3_IRQHandler
                0x00000000080002f0                I2C2_IRQHandler
                0x00000000080002f0                TIM17_IRQHandler
                0x00000000080002f0                CEC_CAN_IRQHandler
                0x00000000080002f0                RTC_IRQHandler
                0x00000000080002f0                PVD_VDDIO2_IRQHandler
                0x00000000080002f0                DMA1_Channel4_5_6_7_IRQHandler
                0x00000000080002f0                TIM16_IRQHandler
                0x00000000080002f0                TIM3_IRQHandler
                0x00000000080002f0                EXTI4_15_IRQHandler
                0x00000000080002f0                DMA1_Channel1_IRQHandler
                0x00000000080002f0                Default_Handler
                0x00000000080002f0                TIM14_IRQHandler
                0x00000000080002f0                TIM7_IRQHandler
                0x00000000080002f0                TIM15_IRQHandler
                0x00000000080002f0                EXTI0_1_IRQHandler
                0x00000000080002f0                USB_IRQHandler
                0x00000000080002f0                SPI2_IRQHandler
                0x00000000080002f0                SVC_Handler
                0x00000000080002f0                WWDG_IRQHandler
                0x00000000080002f0                TIM2_IRQHandler
                0x00000000080002f0                DMA1_Channel2_3_IRQHandler
                0x00000000080002f0                USART2_IRQHandler
                0x00000000080002f0                FLASH_IRQHandler
                0x00000000080002f0                USART1_IRQHandler
                0x00000000080002f0                TIM1_BRK_UP_TRG_COM_IRQHandler
 *fill*         0x00000000080002f2        0x2 
 .text          0x00000000080002f4       0x44 /usr/lib/gcc/arm-none-eabi/10.3.1/../../../arm-none-eabi/lib/thumb/v6-m/nofp/libc_nano.a(lib_a-init.o)
                0x00000000080002f4                __libc_init_array
 .text          0x0000000008000338       0xa4 /usr/lib/gcc/arm-none-eabi/10.3.1/../../../arm-none-eabi/lib/thumb/v6-m/nofp/libc_nano.a(lib_a-memcpy-stub.o)
                0x0000000008000338                memcpy
 .text          0x00000000080003dc       0xa8 /usr/lib/gcc/arm-none-eabi/10.3.1/../../../arm-none-eabi/lib/thumb/v6-m/nofp/libc_nano.a(lib_a-memset.o)
                0x00000000080003dc                memset
 .text          0x0000000008000484       0xf0 /usr/lib/gcc/arm-none-eabi/10.3.1/../../../arm-none-eabi/lib/thumb/v6-m/nofp/libc_nano.a(lib_a-puts.o)
                0x0000000008000484                _puts_r
                0x0000000008000560                puts
 .text          0x0000000008000574       0xec /usr/lib/gcc/arm-none-eabi/10.3.1/../../../arm-none-eabi/lib/thumb/v6-m/nofp/libc_nano.a(lib_a-wbuf.o)
                0x0000000008000574                __swbuf_r
                0x0000000008000648                __swbuf
 .text          0x0000000008000660      0x10c /usr/lib/gcc/arm-none-eabi/10.3.1/../../../arm-none-eabi/lib/thumb/v6-m/nofp/libc_nano.a(lib_a-wsetup.o)
                0x0000000008000660                __swsetup_r
 .text          0x000000000800076c      0x200 /usr/lib/gcc/arm-none-eabi/10.3.1/../../../arm-none-eabi/lib/thumb/v6-m/nofp/libc_nano.a(lib_a-fflush.o)
                0x000000000800076c                __sflush_r
                0x0000000008000888                _fflush_r
                0x00000000080008e4                fflush
 .text          0x000000000800096c      0x268 /usr/lib/gcc/arm-none-eabi/10.3.1/../../../arm-none-eabi/lib/thumb/v6-m/nofp/libc_nano.a(lib_a-findfp.o)
                0x0000000008000970                _cleanup_r
                0x0000000008000984                __sfmoreglue
                0x00000000080009b4                __sfp
                0x0000000008000b6c                _cleanup
                0x0000000008000b84                __sinit
                0x0000000008000b94                __sfp_lock_acquire
                0x0000000008000b98                __sfp_lock_release
                0x0000000008000b9c                __sinit_lock_acquire
                0x0000000008000ba0                __sinit_lock_release
                0x0000000008000ba4                __fp_lock_all
                0x0000000008000bbc                __fp_unlock_all
 .text          0x0000000008000bd4       0x88 /usr/lib/gcc/arm-none-eabi/10.3.1/../../../arm-none-eabi/lib/thumb/v6-m/nofp/libc_nano.a(lib_a-fwalk.o)
                0x0000000008000bd4                _fwalk
                0x0000000008000c14                _fwalk_reent
 .text          0x0000000008000c5c      0x10c /usr/lib/gcc/arm-none-eabi/10.3.1/../../../arm-none-eabi/lib/thumb/v6-m/nofp/libc_nano.a(lib_a-makebuf.o)
                0x0000000008000c5c                __smakebuf_r
                0x0000000008000d14                __swhatbuf_r
 .text          0x0000000008000d68       0xc0 /usr/lib/gcc/arm-none-eabi/10.3.1/../../../arm-none-eabi/lib/thumb/v6-m/nofp/libc_nano.a(lib_a-nano-freer.o)
                0x0000000008000d68                _free_r
 .text          0x0000000008000e28       0xc4 /usr/lib/gcc/arm-none-eabi/10.3.1/../../../arm-none-eabi/lib/thumb/v6-m/nofp/libc_nano.a(lib_a-nano-mallocr.o)
                0x0000000008000e28                _malloc_r
 .text          0x0000000008000eec       0x24 /usr/lib/gcc/arm-none-eabi/10.3.1/../../../arm-none-eabi/lib/thumb/v6-m/nofp/libc_nano.a(lib_a-sbrkr.o)
                0x0000000008000eec                _sbrk_r
 .text          0x0000000008000f10       0xa4 /usr/lib/gcc/arm-none-eabi/10.3.1/../../../arm-none-eabi/lib/thumb/v6-m/nofp/libc_nano.a(lib_a-stdio.o)
                0x0000000008000f10                __sread
                0x0000000008000f38                __seofread
                0x0000000008000f3c                __swrite
                0x0000000008000f7c                __sseek
                0x0000000008000fa8                __sclose
 .text          0x0000000008000fb4       0x28 /usr/lib/gcc/arm-none-eabi/10.3.1/../../../arm-none-eabi/lib/thumb/v6-m/nofp/libc_nano.a(lib_a-writer.o)
                0x0000000008000fb4                _write_r
 .text          0x0000000008000fdc       0x24 /usr/lib/gcc/arm-none-eabi/10.3.1/../../../arm-none-eabi/lib/thumb/v6-m/nofp/libc_nano.a(lib_a-closer.o)
                0x0000000008000fdc                _close_r
 .text          0x0000000008001000       0x28 /usr/lib/gcc/arm-none-eabi/10.3.1/../../../arm-none-eabi/lib/thumb/v6-m/nofp/libc_nano.a(lib_a-fstatr.o)
                0x0000000008001000                _fstat_r
 .text          0x0000000008001028       0x24 /usr/lib/gcc/arm-none-eabi/10.3.1/../../../arm-none-eabi/lib/thumb/v6-m/nofp/libc_nano.a(lib_a-isattyr.o)
                0x0000000008001028                _isatty_r
 .text          0x000000000800104c       0x28 /usr/lib/gcc/arm-none-eabi/10.3.1/../../../arm-none-eabi/lib/thumb/v6-m/nofp/libc_nano.a(lib_a-lseekr.o)
                0x000000000800104c                _lseek_r
 .text          0x0000000008001074        0x8 /usr/lib/gcc/arm-none-eabi/10.3.1/../../../arm-none-eabi/lib/thumb/v6-m/nofp/libc_nano.a(lib_a-mlock.o)
                0x0000000008001074                __malloc_lock
                0x0000000008001078                __malloc_unlock
 .text          0x000000000800107c       0x28 /usr/lib/gcc/arm-none-eabi/10.3.1/../../../arm-none-eabi/lib/thumb/v6-m/nofp/libc_nano.a(lib_a-readr.o)
                0x000000000800107c                _read_r

.glue_7         0x00000000080010a4        0x0
 .glue_7        0x00000000080010a4        0x0 linker stubs

.glue_7t        0x00000000080010a4        0x0
 .glue_7t       0x00000000080010a4        0x0 linker stubs

.vfp11_veneer   0x00000000080010a4        0x0
 .vfp11_veneer  0x00000000080010a4        0x0 linker stubs

.v4_bx          0x00000000080010a4        0x0
 .v4_bx         0x00000000080010a4        0x0 linker stubs

.iplt           0x00000000080010a4        0x0
 .iplt          0x00000000080010a4        0x0 /tmp/ccSspLXG.o

.rodata         0x00000000080010a4       0xd0
 *(.rodata*)
 .rodata.main.str1.1
                0x00000000080010a4       0x6c /tmp/ccSspLXG.o
 .rodata        0x0000000008001110       0x60 /usr/lib/gcc/arm-none-eabi/10.3.1/../../../arm-none-eabi/lib/thumb/v6-m/nofp/libc_nano.a(lib_a-findfp.o)
                0x0000000008001110                __sf_fake_stderr
                0x0000000008001130                __sf_fake_stdout
                0x0000000008001150                __sf_fake_stdin
 .rodata        0x0000000008001170        0x4 /usr/lib/gcc/arm-none-eabi/10.3.1/../../../arm-none-eabi/lib/thumb/v6-m/nofp/libc_nano.a(lib_a-impure.o)
                0x0000000008001170                _global_impure_ptr

.rel.dyn        0x0000000008001174        0x0
 .rel.iplt      0x0000000008001174        0x0 /tmp/ccSspLXG.o

.data           0x0000000020000000       0x64 load address 0x0000000008001174
                0x0000000020000000                _sdata = .
 *(.first_data)
 *(.data SORT_BY_NAME(.data.*))
 .data          0x0000000020000000       0x64 /usr/lib/gcc/arm-none-eabi/10.3.1/../../../arm-none-eabi/lib/thumb/v6-m/nofp/libc_nano.a(lib_a-impure.o)
                0x0000000020000000                _impure_ptr
                0x0000000020000064                _edata = .
                0x0000000008001174                _sidata = LOADADDR (.data)

.igot.plt       0x0000000020000064        0x0 load address 0x00000000080011d8
 .igot.plt      0x0000000020000064        0x0 /tmp/ccSspLXG.o

.bss            0x0000000020000064       0x10 load address 0x00000000080011d8
                0x0000000020000064                _sbss = .
 *(.bss SORT_BY_NAME(.bss.*) COMMON)
 .bss.heap.0    0x0000000020000064        0x4 /tmp/ccYrhoir.o
 .bss           0x0000000020000068        0x8 /usr/lib/gcc/arm-none-eabi/10.3.1/../../../arm-none-eabi/lib/thumb/v6-m/nofp/libc_nano.a(lib_a-nano-mallocr.o)
                0x0000000020000068                __malloc_free_list
                0x000000002000006c                __malloc_sbrk_start
 .bss           0x0000000020000070        0x4 /usr/lib/gcc/arm-none-eabi/10.3.1/../../../arm-none-eabi/lib/thumb/v6-m/nofp/libc_nano.a(lib_a-reent.o)
                0x0000000020000070                errno
                0x0000000020000074                _ebss = .
                0x0000000020000074                _end = .
OUTPUT(firmware.elf elf32-littlearm)
LOAD linker stubs

.debug_info     0x0000000000000000     0xd561
 .debug_info    0x0000000000000000      0x856 /tmp/ccSspLXG.o
 .debug_info    0x0000000000000856      0x7f1 /tmp/ccYrhoir.o
 .debug_info    0x0000000000001047       0x22 /tmp/cci1HCYJ.o
 .debug_info    0x0000000000001069      0x11a /usr/lib/gcc/arm-none-eabi/10.3.1/../../../arm-none-eabi/lib/thumb/v6-m/nofp/libc_nano.a(lib_a-init.o)
 .debug_info    0x0000000000001183      0x15c /usr/lib/gcc/arm-none-eabi/10.3.1/../../../arm-none-eabi/lib/thumb/v6-m/nofp/libc_nano.a(lib_a-memcpy-stub.o)
 .debug_info    0x00000000000012df      0x13d /usr/lib/gcc/arm-none-eabi/10.3.1/../../../arm-none-eabi/lib/thumb/v6-m/nofp/libc_nano.a(lib_a-memset.o)
 .debug_info    0x000000000000141c      0xa56 /usr/lib/gcc/arm-none-eabi/10.3.1/../../../arm-none-eabi/lib/thumb/v6-m/nofp/libc_nano.a(lib_a-puts.o)
 .debug_info    0x0000000000001e72      0x998 /usr/lib/gcc/arm-none-eabi/10.3.1/../../../arm-none-eabi/lib/thumb/v6-m/nofp/libc_nano.a(lib_a-wbuf.o)
 .debug_info    0x000000000000280a      0x902 /usr/lib/gcc/arm-none-eabi/10.3.1/../../../arm-none-eabi/lib/thumb/v6-m/nofp/libc_nano.a(lib_a-wsetup.o)
 .debug_info    0x000000000000310c      0xb34 /usr/lib/gcc/arm-none-eabi/10.3.1/../../../arm-none-eabi/lib/thumb/v6-m/nofp/libc_nano.a(lib_a-fflush.o)
 .debug_info    0x0000000000003c40      0xfb2 /usr/lib/gcc/arm-none-eabi/10.3.1/../../../arm-none-eabi/lib/thumb/v6-m/nofp/libc_nano.a(lib_a-findfp.o)
 .debug_info    0x0000000000004bf2      0x900 /usr/lib/gcc/arm-none-eabi/10.3.1/../../../arm-none-eabi/lib/thumb/v6-m/nofp/libc_nano.a(lib_a-fwalk.o)
 .debug_info    0x00000000000054f2      0x863 /usr/lib/gcc/arm-none-eabi/10.3.1/../../../arm-none-eabi/lib/thumb/v6-m/nofp/libc_nano.a(lib_a-impure.o)
 .debug_info    0x0000000000005d55      0xc8c /usr/lib/gcc/arm-none-eabi/10.3.1/../../../arm-none-eabi/lib/thumb/v6-m/nofp/libc_nano.a(lib_a-makebuf.o)
 .debug_info    0x00000000000069e1      0x928 /usr/lib/gcc/arm-none-eabi/10.3.1/../../../arm-none-eabi/lib/thumb/v6-m/nofp/libc_nano.a(lib_a-nano-freer.o)
 .debug_info    0x0000000000007309      0xa09 /usr/lib/gcc/arm-none-eabi/10.3.1/../../../arm-none-eabi/lib/thumb/v6-m/nofp/libc_nano.a(lib_a-nano-mallocr.o)
 .debug_info    0x0000000000007d12      0x828 /usr/lib/gcc/arm-none-eabi/10.3.1/../../../arm-none-eabi/lib/thumb/v6-m/nofp/libc_nano.a(lib_a-sbrkr.o)
 .debug_info    0x000000000000853a      0xac1 /usr/lib/gcc/arm-none-eabi/10.3.1/../../../arm-none-eabi/lib/thumb/v6-m/nofp/libc_nano.a(lib_a-stdio.o)
 .debug_info    0x0000000000008ffb      0x85a /usr/lib/gcc/arm-none-eabi/10.3.1/../../../arm-none-eabi/lib/thumb/v6-m/nofp/libc_nano.a(lib_a-writer.o)
 .debug_info    0x0000000000009855      0x805 /usr/lib/gcc/arm-none-eabi/10.3.1/../../../arm-none-eabi/lib/thumb/v6-m/nofp/libc_nano.a(lib_a-closer.o)
 .debug_info    0x000000000000a05a      0xa1d /usr/lib/gcc/arm-none-eabi/10.3.1/../../../arm-none-eabi/lib/thumb/v6-m/nofp/libc_nano.a(lib_a-fstatr.o)
 .debug_info    0x000000000000aa77      0x805 /usr/lib/gcc/arm-none-eabi/10.3.1/../../../arm-none-eabi/lib/thumb/v6-m/nofp/libc_nano.a(lib_a-isattyr.o)
 .debug_info    0x000000000000b27c      0x83b /usr/lib/gcc/arm-none-eabi/10.3.1/../../../arm-none-eabi/lib/thumb/v6-m/nofp/libc_nano.a(lib_a-lseekr.o)
 .debug_info    0x000000000000bab7      0x7dc /usr/lib/gcc/arm-none-eabi/10.3.1/../../../arm-none-eabi/lib/thumb/v6-m/nofp/libc_nano.a(lib_a-mlock.o)
 .debug_info    0x000000000000c293      0x853 /usr/lib/gcc/arm-none-eabi/10.3.1/../../../arm-none-eabi/lib/thumb/v6-m/nofp/libc_nano.a(lib_a-readr.o)
 .debug_info    0x000000000000cae6      0xa7b /usr/lib/gcc/arm-none-eabi/10.3.1/../../../arm-none-eabi/lib/thumb/v6-m/nofp/libc_nano.a(lib_a-reent.o)

.debug_abbrev   0x0000000000000000     0x308a
 .debug_abbrev  0x0000000000000000      0x2cc /tmp/ccSspLXG.o
 .debug_abbrev  0x00000000000002cc      0x290 /tmp/ccYrhoir.o
 .debug_abbrev  0x000000000000055c       0x12 /tmp/cci1HCYJ.o
 .debug_abbrev  0x000000000000056e       0xcc /usr/lib/gcc/arm-none-eabi/10.3.1/../../../arm-none-eabi/lib/thumb/v6-m/nofp/libc_nano.a(lib_a-init.o)
 .debug_abbrev  0x000000000000063a       0xc7 /usr/lib/gcc/arm-none-eabi/10.3.1/../../../arm-none-eabi/lib/thumb/v6-m/nofp/libc_nano.a(lib_a-memcpy-stub.o)
 .debug_abbrev  0x0000000000000701       0xb4 /usr/lib/gcc/arm-none-eabi/10.3.1/../../../arm-none-eabi/lib/thumb/v6-m/nofp/libc_nano.a(lib_a-memset.o)
 .debug_abbrev  0x00000000000007b5      0x279 /usr/lib/gcc/arm-none-eabi/10.3.1/../../../arm-none-eabi/lib/thumb/v6-m/nofp/libc_nano.a(lib_a-puts.o)
 .debug_abbrev  0x0000000000000a2e      0x211 /usr/lib/gcc/arm-none-eabi/10.3.1/../../../arm-none-eabi/lib/thumb/v6-m/nofp/libc_nano.a(lib_a-wbuf.o)
 .debug_abbrev  0x0000000000000c3f      0x1d4 /usr/lib/gcc/arm-none-eabi/10.3.1/../../../arm-none-eabi/lib/thumb/v6-m/nofp/libc_nano.a(lib_a-wsetup.o)
 .debug_abbrev  0x0000000000000e13      0x2ba /usr/lib/gcc/arm-none-eabi/10.3.1/../../../arm-none-eabi/lib/thumb/v6-m/nofp/libc_nano.a(lib_a-fflush.o)
 .debug_abbrev  0x00000000000010cd      0x3bc /usr/lib/gcc/arm-none-eabi/10.3.1/../../../arm-none-eabi/lib/thumb/v6-m/nofp/libc_nano.a(lib_a-findfp.o)
 .debug_abbrev  0x0000000000001489      0x197 /usr/lib/gcc/arm-none-eabi/10.3.1/../../../arm-none-eabi/lib/thumb/v6-m/nofp/libc_nano.a(lib_a-fwalk.o)
 .debug_abbrev  0x0000000000001620      0x151 /usr/lib/gcc/arm-none-eabi/10.3.1/../../../arm-none-eabi/lib/thumb/v6-m/nofp/libc_nano.a(lib_a-impure.o)
 .debug_abbrev  0x0000000000001771      0x290 /usr/lib/gcc/arm-none-eabi/10.3.1/../../../arm-none-eabi/lib/thumb/v6-m/nofp/libc_nano.a(lib_a-makebuf.o)
 .debug_abbrev  0x0000000000001a01      0x232 /usr/lib/gcc/arm-none-eabi/10.3.1/../../../arm-none-eabi/lib/thumb/v6-m/nofp/libc_nano.a(lib_a-nano-freer.o)
 .debug_abbrev  0x0000000000001c33      0x297 /usr/lib/gcc/arm-none-eabi/10.3.1/../../../arm-none-eabi/lib/thumb/v6-m/nofp/libc_nano.a(lib_a-nano-mallocr.o)
 .debug_abbrev  0x0000000000001eca      0x1d6 /usr/lib/gcc/arm-none-eabi/10.3.1/../../../arm-none-eabi/lib/thumb/v6-m/nofp/libc_nano.a(lib_a-sbrkr.o)
 .debug_abbrev  0x00000000000020a0      0x1db /usr/lib/gcc/arm-none-eabi/10.3.1/../../../arm-none-eabi/lib/thumb/v6-m/nofp/libc_nano.a(lib_a-stdio.o)
 .debug_abbrev  0x000000000000227b      0x1b0 /usr/lib/gcc/arm-none-eabi/10.3.1/../../../arm-none-eabi/lib/thumb/v6-m/nofp/libc_nano.a(lib_a-writer.o)
 .debug_abbrev  0x000000000000242b      0x1ab /usr/lib/gcc/arm-none-eabi/10.3.1/../../../arm-none-eabi/lib/thumb/v6-m/nofp/libc_nano.a(lib_a-closer.o)
 .debug_abbrev  0x00000000000025d6      0x1bf /usr/lib/gcc/arm-none-eabi/10.3.1/../../../arm-none-eabi/lib/thumb/v6-m/nofp/libc_nano.a(lib_a-fstatr.o)
 .debug_abbrev  0x0000000000002795      0x1ab /usr/lib/gcc/arm-none-eabi/10.3.1/../../../arm-none-eabi/lib/thumb/v6-m/nofp/libc_nano.a(lib_a-isattyr.o)
 .debug_abbrev  0x0000000000002940      0x1bf /usr/lib/gcc/arm-none-eabi/10.3.1/../../../arm-none-eabi/lib/thumb/v6-m/nofp/libc_nano.a(lib_a-lseekr.o)
 .debug_abbrev  0x0000000000002aff      0x189 /usr/lib/gcc/arm-none-eabi/10.3.1/../../../arm-none-eabi/lib/thumb/v6-m/nofp/libc_nano.a(lib_a-mlock.o)
 .debug_abbrev  0x0000000000002c88      0x1ab /usr/lib/gcc/arm-none-eabi/10.3.1/../../../arm-none-eabi/lib/thumb/v6-m/nofp/libc_nano.a(lib_a-readr.o)
 .debug_abbrev  0x0000000000002e33      0x257 /usr/lib/gcc/arm-none-eabi/10.3.1/../../../arm-none-eabi/lib/thumb/v6-m/nofp/libc_nano.a(lib_a-reent.o)

.debug_loc      0x0000000000000000     0x3048
 .debug_loc     0x0000000000000000      0x360 /tmp/ccSspLXG.o
 .debug_loc     0x0000000000000360      0x310 /tmp/ccYrhoir.o
 .debug_loc     0x0000000000000670       0x98 /usr/lib/gcc/arm-none-eabi/10.3.1/../../../arm-none-eabi/lib/thumb/v6-m/nofp/libc_nano.a(lib_a-init.o)
 .debug_loc     0x0000000000000708      0x457 /usr/lib/gcc/arm-none-eabi/10.3.1/../../../arm-none-eabi/lib/thumb/v6-m/nofp/libc_nano.a(lib_a-memcpy-stub.o)
 .debug_loc     0x0000000000000b5f      0x2a3 /usr/lib/gcc/arm-none-eabi/10.3.1/../../../arm-none-eabi/lib/thumb/v6-m/nofp/libc_nano.a(lib_a-memset.o)
 .debug_loc     0x0000000000000e02      0x279 /usr/lib/gcc/arm-none-eabi/10.3.1/../../../arm-none-eabi/lib/thumb/v6-m/nofp/libc_nano.a(lib_a-puts.o)
 .debug_loc     0x000000000000107b      0x1a3 /usr/lib/gcc/arm-none-eabi/10.3.1/../../../arm-none-eabi/lib/thumb/v6-m/nofp/libc_nano.a(lib_a-wbuf.o)
 .debug_loc     0x000000000000121e       0xb7 /usr/lib/gcc/arm-none-eabi/10.3.1/../../../arm-none-eabi/lib/thumb/v6-m/nofp/libc_nano.a(lib_a-wsetup.o)
 .debug_loc     0x00000000000012d5      0x4db /usr/lib/gcc/arm-none-eabi/10.3.1/../../../arm-none-eabi/lib/thumb/v6-m/nofp/libc_nano.a(lib_a-fflush.o)
 .debug_loc     0x00000000000017b0      0x411 /usr/lib/gcc/arm-none-eabi/10.3.1/../../../arm-none-eabi/lib/thumb/v6-m/nofp/libc_nano.a(lib_a-findfp.o)
 .debug_loc     0x0000000000001bc1      0x226 /usr/lib/gcc/arm-none-eabi/10.3.1/../../../arm-none-eabi/lib/thumb/v6-m/nofp/libc_nano.a(lib_a-fwalk.o)
 .debug_loc     0x0000000000001de7      0x371 /usr/lib/gcc/arm-none-eabi/10.3.1/../../../arm-none-eabi/lib/thumb/v6-m/nofp/libc_nano.a(lib_a-makebuf.o)
 .debug_loc     0x0000000000002158      0x1d8 /usr/lib/gcc/arm-none-eabi/10.3.1/../../../arm-none-eabi/lib/thumb/v6-m/nofp/libc_nano.a(lib_a-nano-freer.o)
 .debug_loc     0x0000000000002330      0x2a9 /usr/lib/gcc/arm-none-eabi/10.3.1/../../../arm-none-eabi/lib/thumb/v6-m/nofp/libc_nano.a(lib_a-nano-mallocr.o)
 .debug_loc     0x00000000000025d9       0x79 /usr/lib/gcc/arm-none-eabi/10.3.1/../../../arm-none-eabi/lib/thumb/v6-m/nofp/libc_nano.a(lib_a-sbrkr.o)
 .debug_loc     0x0000000000002652      0x402 /usr/lib/gcc/arm-none-eabi/10.3.1/../../../arm-none-eabi/lib/thumb/v6-m/nofp/libc_nano.a(lib_a-stdio.o)
 .debug_loc     0x0000000000002a54       0xea /usr/lib/gcc/arm-none-eabi/10.3.1/../../../arm-none-eabi/lib/thumb/v6-m/nofp/libc_nano.a(lib_a-writer.o)
 .debug_loc     0x0000000000002b3e       0x79 /usr/lib/gcc/arm-none-eabi/10.3.1/../../../arm-none-eabi/lib/thumb/v6-m/nofp/libc_nano.a(lib_a-closer.o)
 .debug_loc     0x0000000000002bb7       0xab /usr/lib/gcc/arm-none-eabi/10.3.1/../../../arm-none-eabi/lib/thumb/v6-m/nofp/libc_nano.a(lib_a-fstatr.o)
 .debug_loc     0x0000000000002c62       0x79 /usr/lib/gcc/arm-none-eabi/10.3.1/../../../arm-none-eabi/lib/thumb/v6-m/nofp/libc_nano.a(lib_a-isattyr.o)
 .debug_loc     0x0000000000002cdb       0xea /usr/lib/gcc/arm-none-eabi/10.3.1/../../../arm-none-eabi/lib/thumb/v6-m/nofp/libc_nano.a(lib_a-lseekr.o)
 .debug_loc     0x0000000000002dc5       0xea /usr/lib/gcc/arm-none-eabi/10.3.1/../../../arm-none-eabi/lib/thumb/v6-m/nofp/libc_nano.a(lib_a-readr.o)
 .debug_loc     0x0000000000002eaf      0x199 /usr/lib/gcc/arm-none-eabi/10.3.1/../../../arm-none-eabi/lib/thumb/v6-m/nofp/libc_nano.a(lib_a-reent.o)

.debug_aranges  0x0000000000000000      0x3c0
 .debug_aranges
                0x0000000000000000       0x38 /tmp/ccSspLXG.o
 .debug_aranges
                0x0000000000000038       0x88 /tmp/ccYrhoir.o
 .debug_aranges
                0x00000000000000c0       0x28 /tmp/cci1HCYJ.o
 .debug_aranges
                0x00000000000000e8       0x20 /usr/lib/gcc/arm-none-eabi/10.3.1/../../../arm-none-eabi/lib/thumb/v6-m/nofp/libc_nano.a(lib_a-init.o)
 .debug_aranges
                0x0000000000000108       0x20 /usr/lib/gcc/arm-none-eabi/10.3.1/../../../arm-none-eabi/lib/thumb/v6-m/nofp/libc_nano.a(lib_a-memcpy-stub.o)
 .debug_aranges
                0x0000000000000128       0x20 /usr/lib/gcc/arm-none-eabi/10.3.1/../../../arm-none-eabi/lib/thumb/v6-m/nofp/libc_nano.a(lib_a-memset.o)
 .debug_aranges
                0x0000000000000148       0x20 /usr/lib/gcc/arm-none-eabi/10.3.1/../../../arm-none-eabi/lib/thumb/v6-m/nofp/libc_nano.a(lib_a-puts.o)
 .debug_aranges
                0x0000000000000168       0x20 /usr/lib/gcc/arm-none-eabi/10.3.1/../../../arm-none-eabi/lib/thumb/v6-m/nofp/libc_nano.a(lib_a-wbuf.o)
 .debug_aranges
                0x0000000000000188       0x20 /usr/lib/gcc/arm-none-eabi/10.3.1/../../../arm-none-eabi/lib/thumb/v6-m/nofp/libc_nano.a(lib_a-wsetup.o)
 .debug_aranges
                0x00000000000001a8       0x20 /usr/lib/gcc/arm-none-eabi/10.3.1/../../../arm-none-eabi/lib/thumb/v6-m/nofp/libc_nano.a(lib_a-fflush.o)
 .debug_aranges
                0x00000000000001c8       0x20 /usr/lib/gcc/arm-none-eabi/10.3.1/../../../arm-none-eabi/lib/thumb/v6-m/nofp/libc_nano.a(lib_a-findfp.o)
 .debug_aranges
                0x00000000000001e8       0x20 /usr/lib/gcc/arm-none-eabi/10.3.1/../../../arm-none-eabi/lib/thumb/v6-m/nofp/libc_nano.a(lib_a-fwalk.o)
 .debug_aranges
                0x0000000000000208       0x18 /usr/lib/gcc/arm-none-eabi/10.3.1/../../../arm-none-eabi/lib/thumb/v6-m/nofp/libc_nano.a(lib_a-impure.o)
 .debug_aranges
                0x0000000000000220       0x20 /usr/lib/gcc/arm-none-eabi/10.3.1/../../../arm-none-eabi/lib/thumb/v6-m/nofp/libc_nano.a(lib_a-makebuf.o)
 .debug_aranges
                0x0000000000000240       0x20 /usr/lib/gcc/arm-none-eabi/10.3.1/../../../arm-none-eabi/lib/thumb/v6-m/nofp/libc_nano.a(lib_a-nano-freer.o)
 .debug_aranges
                0x0000000000000260       0x20 /usr/lib/gcc/arm-none-eabi/10.3.1/../../../arm-none-eabi/lib/thumb/v6-m/nofp/libc_nano.a(lib_a-nano-mallocr.o)
 .debug_aranges
                0x0000000000000280       0x20 /usr/lib/gcc/arm-none-eabi/10.3.1/../../../arm-none-eabi/lib/thumb/v6-m/nofp/libc_nano.a(lib_a-sbrkr.o)
 .debug_aranges
                0x00000000000002a0       0x20 /usr/lib/gcc/arm-none-eabi/10.3.1/../../../arm-none-eabi/lib/thumb/v6-m/nofp/libc_nano.a(lib_a-stdio.o)
 .debug_aranges
                0x00000000000002c0       0x20 /usr/lib/gcc/arm-none-eabi/10.3.1/../../../arm-none-eabi/lib/thumb/v6-m/nofp/libc_nano.a(lib_a-writer.o)
 .debug_aranges
                0x00000000000002e0       0x20 /usr/lib/gcc/arm-none-eabi/10.3.1/../../../arm-none-eabi/lib/thumb/v6-m/nofp/libc_nano.a(lib_a-closer.o)
 .debug_aranges
                0x0000000000000300       0x20 /usr/lib/gcc/arm-none-eabi/10.3.1/../../../arm-none-eabi/lib/thumb/v6-m/nofp/libc_nano.a(lib_a-fstatr.o)
 .debug_aranges
                0x0000000000000320       0x20 /usr/lib/gcc/arm-none-eabi/10.3.1/../../../arm-none-eabi/lib/thumb/v6-m/nofp/libc_nano.a(lib_a-isattyr.o)
 .debug_aranges
                0x0000000000000340       0x20 /usr/lib/gcc/arm-none-eabi/10.3.1/../../../arm-none-eabi/lib/thumb/v6-m/nofp/libc_nano.a(lib_a-lseekr.o)
 .debug_aranges
                0x0000000000000360       0x20 /usr/lib/gcc/arm-none-eabi/10.3.1/../../../arm-none-eabi/lib/thumb/v6-m/nofp/libc_nano.a(lib_a-mlock.o)
 .debug_aranges
                0x0000000000000380       0x20 /usr/lib/gcc/arm-none-eabi/10.3.1/../../../arm-none-eabi/lib/thumb/v6-m/nofp/libc_nano.a(lib_a-readr.o)
 .debug_aranges
                0x00000000000003a0       0x20 /usr/lib/gcc/arm-none-eabi/10.3.1/../../../arm-none-eabi/lib/thumb/v6-m/nofp/libc_nano.a(lib_a-reent.o)

.debug_ranges   0x0000000000000000      0x460
 .debug_ranges  0x0000000000000000       0xd8 /tmp/ccSspLXG.o
 .debug_ranges  0x00000000000000d8       0xa8 /tmp/ccYrhoir.o
 .debug_ranges  0x0000000000000180       0x20 /tmp/cci1HCYJ.o
 .debug_ranges  0x00000000000001a0       0x68 /usr/lib/gcc/arm-none-eabi/10.3.1/../../../arm-none-eabi/lib/thumb/v6-m/nofp/libc_nano.a(lib_a-puts.o)
 .debug_ranges  0x0000000000000208       0x30 /usr/lib/gcc/arm-none-eabi/10.3.1/../../../arm-none-eabi/lib/thumb/v6-m/nofp/libc_nano.a(lib_a-wbuf.o)
 .debug_ranges  0x0000000000000238       0x38 /usr/lib/gcc/arm-none-eabi/10.3.1/../../../arm-none-eabi/lib/thumb/v6-m/nofp/libc_nano.a(lib_a-wsetup.o)
 .debug_ranges  0x0000000000000270       0x98 /usr/lib/gcc/arm-none-eabi/10.3.1/../../../arm-none-eabi/lib/thumb/v6-m/nofp/libc_nano.a(lib_a-fflush.o)
 .debug_ranges  0x0000000000000308       0xd0 /usr/lib/gcc/arm-none-eabi/10.3.1/../../../arm-none-eabi/lib/thumb/v6-m/nofp/libc_nano.a(lib_a-findfp.o)
 .debug_ranges  0x00000000000003d8       0x30 /usr/lib/gcc/arm-none-eabi/10.3.1/../../../arm-none-eabi/lib/thumb/v6-m/nofp/libc_nano.a(lib_a-makebuf.o)
 .debug_ranges  0x0000000000000408       0x18 /usr/lib/gcc/arm-none-eabi/10.3.1/../../../arm-none-eabi/lib/thumb/v6-m/nofp/libc_nano.a(lib_a-nano-freer.o)
 .debug_ranges  0x0000000000000420       0x40 /usr/lib/gcc/arm-none-eabi/10.3.1/../../../arm-none-eabi/lib/thumb/v6-m/nofp/libc_nano.a(lib_a-nano-mallocr.o)

.debug_macro    0x0000000000000000    0x12fcf
 .debug_macro   0x0000000000000000      0x28a /tmp/ccSspLXG.o
 .debug_macro   0x000000000000028a      0xa42 /tmp/ccSspLXG.o
 .debug_macro   0x0000000000000ccc       0x22 /tmp/ccSspLXG.o
 .debug_macro   0x0000000000000cee       0x46 /tmp/ccSspLXG.o
 .debug_macro   0x0000000000000d34       0x18 /tmp/ccSspLXG.o
 .debug_macro   0x0000000000000d4c       0x94 /tmp/ccSspLXG.o
 .debug_macro   0x0000000000000de0       0x3c /tmp/ccSspLXG.o
 .debug_macro   0x0000000000000e1c      0x103 /tmp/ccSspLXG.o
 .debug_macro   0x0000000000000f1f       0x3a /tmp/ccSspLXG.o
 .debug_macro   0x0000000000000f59      0x34e /tmp/ccSspLXG.o
 .debug_macro   0x00000000000012a7       0x82 /tmp/ccSspLXG.o
 .debug_macro   0x0000000000001329      0x379 /tmp/ccSspLXG.o
 .debug_macro   0x00000000000016a2       0x22 /tmp/ccSspLXG.o
 .debug_macro   0x00000000000016c4       0x1c /tmp/ccSspLXG.o
 .debug_macro   0x00000000000016e0       0x57 /tmp/ccSspLXG.o
 .debug_macro   0x0000000000001737       0x97 /tmp/ccSspLXG.o
 .debug_macro   0x00000000000017ce      0x333 /tmp/ccSspLXG.o
 .debug_macro   0x0000000000001b01       0x8d /tmp/ccSspLXG.o
 .debug_macro   0x0000000000001b8e       0x10 /tmp/ccSspLXG.o
 .debug_macro   0x0000000000001b9e       0x16 /tmp/ccSspLXG.o
 .debug_macro   0x0000000000001bb4       0x43 /tmp/ccSspLXG.o
 .debug_macro   0x0000000000001bf7       0x34 /tmp/ccSspLXG.o
 .debug_macro   0x0000000000001c2b       0x10 /tmp/ccSspLXG.o
 .debug_macro   0x0000000000001c3b       0x52 /tmp/ccSspLXG.o
 .debug_macro   0x0000000000001c8d       0x71 /tmp/ccSspLXG.o
 .debug_macro   0x0000000000001cfe       0x1c /tmp/ccSspLXG.o
 .debug_macro   0x0000000000001d1a      0x12a /tmp/ccSspLXG.o
 .debug_macro   0x0000000000001e44       0x10 /tmp/ccSspLXG.o
 .debug_macro   0x0000000000001e54       0x6a /tmp/ccSspLXG.o
 .debug_macro   0x0000000000001ebe       0x1c /tmp/ccSspLXG.o
 .debug_macro   0x0000000000001eda       0x52 /tmp/ccSspLXG.o
 .debug_macro   0x0000000000001f2c       0x22 /tmp/ccSspLXG.o
 .debug_macro   0x0000000000001f4e       0x10 /tmp/ccSspLXG.o
 .debug_macro   0x0000000000001f5e       0x40 /tmp/ccSspLXG.o
 .debug_macro   0x0000000000001f9e       0xd5 /tmp/ccSspLXG.o
 .debug_macro   0x0000000000002073       0x1c /tmp/ccSspLXG.o
 .debug_macro   0x000000000000208f       0x3d /tmp/ccSspLXG.o
 .debug_macro   0x00000000000020cc       0x16 /tmp/ccSspLXG.o
 .debug_macro   0x00000000000020e2      0x145 /tmp/ccSspLXG.o
 .debug_macro   0x0000000000002227       0x16 /tmp/ccSspLXG.o
 .debug_macro   0x000000000000223d       0x35 /tmp/ccSspLXG.o
 .debug_macro   0x0000000000002272       0x10 /tmp/ccSspLXG.o
 .debug_macro   0x0000000000002282       0x41 /tmp/ccSspLXG.o
 .debug_macro   0x00000000000022c3      0x12c /tmp/ccSspLXG.o
 .debug_macro   0x00000000000023ef       0x16 /tmp/ccSspLXG.o
 .debug_macro   0x0000000000002405       0x16 /tmp/ccSspLXG.o
 .debug_macro   0x000000000000241b       0x29 /tmp/ccSspLXG.o
 .debug_macro   0x0000000000002444       0x22 /tmp/ccSspLXG.o
 .debug_macro   0x0000000000002466       0x1c /tmp/ccSspLXG.o
 .debug_macro   0x0000000000002482       0x22 /tmp/ccSspLXG.o
 .debug_macro   0x00000000000024a4       0xaf /tmp/ccSspLXG.o
 .debug_macro   0x0000000000002553      0x391 /tmp/ccSspLXG.o
 .debug_macro   0x00000000000028e4     0xfe50 /tmp/ccSspLXG.o
 .debug_macro   0x0000000000012734       0x34 /tmp/ccSspLXG.o
 .debug_macro   0x0000000000012768      0x294 /tmp/ccYrhoir.o
 .debug_macro   0x00000000000129fc       0x34 /tmp/ccYrhoir.o
 .debug_macro   0x0000000000012a30      0x174 /tmp/ccYrhoir.o
 .debug_macro   0x0000000000012ba4       0x10 /tmp/ccYrhoir.o
 .debug_macro   0x0000000000012bb4       0x10 /tmp/ccYrhoir.o
 .debug_macro   0x0000000000012bc4       0x35 /tmp/ccYrhoir.o
 .debug_macro   0x0000000000012bf9      0x3c6 /tmp/ccYrhoir.o
 .debug_macro   0x0000000000012fbf       0x10 /tmp/ccYrhoir.o

.debug_line     0x0000000000000000     0x4365
 .debug_line    0x0000000000000000      0x6a1 /tmp/ccSspLXG.o
 .debug_line    0x00000000000006a1      0x61a /tmp/ccYrhoir.o
 .debug_line    0x0000000000000cbb       0x95 /tmp/cci1HCYJ.o
 .debug_line    0x0000000000000d50      0x127 /usr/lib/gcc/arm-none-eabi/10.3.1/../../../arm-none-eabi/lib/thumb/v6-m/nofp/libc_nano.a(lib_a-init.o)
 .debug_line    0x0000000000000e77      0x1b5 /usr/lib/gcc/arm-none-eabi/10.3.1/../../../arm-none-eabi/lib/thumb/v6-m/nofp/libc_nano.a(lib_a-memcpy-stub.o)
 .debug_line    0x000000000000102c      0x1ce /usr/lib/gcc/arm-none-eabi/10.3.1/../../../arm-none-eabi/lib/thumb/v6-m/nofp/libc_nano.a(lib_a-memset.o)
 .debug_line    0x00000000000011fa      0x341 /usr/lib/gcc/arm-none-eabi/10.3.1/../../../arm-none-eabi/lib/thumb/v6-m/nofp/libc_nano.a(lib_a-puts.o)
 .debug_line    0x000000000000153b      0x2c1 /usr/lib/gcc/arm-none-eabi/10.3.1/../../../arm-none-eabi/lib/thumb/v6-m/nofp/libc_nano.a(lib_a-wbuf.o)
 .debug_line    0x00000000000017fc      0x35c /usr/lib/gcc/arm-none-eabi/10.3.1/../../../arm-none-eabi/lib/thumb/v6-m/nofp/libc_nano.a(lib_a-wsetup.o)
 .debug_line    0x0000000000001b58      0x499 /usr/lib/gcc/arm-none-eabi/10.3.1/../../../arm-none-eabi/lib/thumb/v6-m/nofp/libc_nano.a(lib_a-fflush.o)
 .debug_line    0x0000000000001ff1      0x619 /usr/lib/gcc/arm-none-eabi/10.3.1/../../../arm-none-eabi/lib/thumb/v6-m/nofp/libc_nano.a(lib_a-findfp.o)
 .debug_line    0x000000000000260a      0x268 /usr/lib/gcc/arm-none-eabi/10.3.1/../../../arm-none-eabi/lib/thumb/v6-m/nofp/libc_nano.a(lib_a-fwalk.o)
 .debug_line    0x0000000000002872       0xe4 /usr/lib/gcc/arm-none-eabi/10.3.1/../../../arm-none-eabi/lib/thumb/v6-m/nofp/libc_nano.a(lib_a-impure.o)
 .debug_line    0x0000000000002956      0x346 /usr/lib/gcc/arm-none-eabi/10.3.1/../../../arm-none-eabi/lib/thumb/v6-m/nofp/libc_nano.a(lib_a-makebuf.o)
 .debug_line    0x0000000000002c9c      0x2d0 /usr/lib/gcc/arm-none-eabi/10.3.1/../../../arm-none-eabi/lib/thumb/v6-m/nofp/libc_nano.a(lib_a-nano-freer.o)
 .debug_line    0x0000000000002f6c      0x2ca /usr/lib/gcc/arm-none-eabi/10.3.1/../../../arm-none-eabi/lib/thumb/v6-m/nofp/libc_nano.a(lib_a-nano-mallocr.o)
 .debug_line    0x0000000000003236      0x183 /usr/lib/gcc/arm-none-eabi/10.3.1/../../../arm-none-eabi/lib/thumb/v6-m/nofp/libc_nano.a(lib_a-sbrkr.o)
 .debug_line    0x00000000000033b9      0x238 /usr/lib/gcc/arm-none-eabi/10.3.1/../../../arm-none-eabi/lib/thumb/v6-m/nofp/libc_nano.a(lib_a-stdio.o)
 .debug_line    0x00000000000035f1      0x17e /usr/lib/gcc/arm-none-eabi/10.3.1/../../../arm-none-eabi/lib/thumb/v6-m/nofp/libc_nano.a(lib_a-writer.o)
 .debug_line    0x000000000000376f      0x183 /usr/lib/gcc/arm-none-eabi/10.3.1/../../../arm-none-eabi/lib/thumb/v6-m/nofp/libc_nano.a(lib_a-closer.o)
 .debug_line    0x00000000000038f2      0x1fc /usr/lib/gcc/arm-none-eabi/10.3.1/../../../arm-none-eabi/lib/thumb/v6-m/nofp/libc_nano.a(lib_a-fstatr.o)
 .debug_line    0x0000000000003aee      0x184 /usr/lib/gcc/arm-none-eabi/10.3.1/../../../arm-none-eabi/lib/thumb/v6-m/nofp/libc_nano.a(lib_a-isattyr.o)
 .debug_line    0x0000000000003c72      0x17e /usr/lib/gcc/arm-none-eabi/10.3.1/../../../arm-none-eabi/lib/thumb/v6-m/nofp/libc_nano.a(lib_a-lseekr.o)
 .debug_line    0x0000000000003df0      0x13e /usr/lib/gcc/arm-none-eabi/10.3.1/../../../arm-none-eabi/lib/thumb/v6-m/nofp/libc_nano.a(lib_a-mlock.o)
 .debug_line    0x0000000000003f2e      0x17d /usr/lib/gcc/arm-none-eabi/10.3.1/../../../arm-none-eabi/lib/thumb/v6-m/nofp/libc_nano.a(lib_a-readr.o)
 .debug_line    0x00000000000040ab      0x2ba /usr/lib/gcc/arm-none-eabi/10.3.1/../../../arm-none-eabi/lib/thumb/v6-m/nofp/libc_nano.a(lib_a-reent.o)

.debug_str      0x0000000000000000    0x604a3
 .debug_str     0x0000000000000000    0x5f31c /tmp/ccSspLXG.o
                                      0x5f5b5 (size before relaxing)
 .debug_str     0x000000000005f31c      0x287 /tmp/ccYrhoir.o
                                      0x5f6ef (size before relaxing)
 .debug_str     0x000000000005f5a3       0x40 /tmp/cci1HCYJ.o
                                         0x8b (size before relaxing)
 .debug_str     0x000000000005f5e3      0x15c /usr/lib/gcc/arm-none-eabi/10.3.1/../../../arm-none-eabi/lib/thumb/v6-m/nofp/libc_nano.a(lib_a-init.o)
                                        0x204 (size before relaxing)
 .debug_str     0x000000000005f73f       0xcb /usr/lib/gcc/arm-none-eabi/10.3.1/../../../arm-none-eabi/lib/thumb/v6-m/nofp/libc_nano.a(lib_a-memcpy-stub.o)
                                        0x1de (size before relaxing)
 .debug_str     0x000000000005f80a       0x9f /usr/lib/gcc/arm-none-eabi/10.3.1/../../../arm-none-eabi/lib/thumb/v6-m/nofp/libc_nano.a(lib_a-memset.o)
                                        0x1b9 (size before relaxing)
 .debug_str     0x000000000005f8a9      0x3f1 /usr/lib/gcc/arm-none-eabi/10.3.1/../../../arm-none-eabi/lib/thumb/v6-m/nofp/libc_nano.a(lib_a-puts.o)
                                        0x58c (size before relaxing)
 .debug_str     0x000000000005fc9a       0x43 /usr/lib/gcc/arm-none-eabi/10.3.1/../../../arm-none-eabi/lib/thumb/v6-m/nofp/libc_nano.a(lib_a-wbuf.o)
                                        0x57b (size before relaxing)
 .debug_str     0x000000000005fcdd       0x48 /usr/lib/gcc/arm-none-eabi/10.3.1/../../../arm-none-eabi/lib/thumb/v6-m/nofp/libc_nano.a(lib_a-wsetup.o)
                                        0x576 (size before relaxing)
 .debug_str     0x000000000005fd25       0x63 /usr/lib/gcc/arm-none-eabi/10.3.1/../../../arm-none-eabi/lib/thumb/v6-m/nofp/libc_nano.a(lib_a-fflush.o)
                                        0x5b7 (size before relaxing)
 .debug_str     0x000000000005fd88      0x1d4 /usr/lib/gcc/arm-none-eabi/10.3.1/../../../arm-none-eabi/lib/thumb/v6-m/nofp/libc_nano.a(lib_a-findfp.o)
                                        0x730 (size before relaxing)
 .debug_str     0x000000000005ff5c       0x41 /usr/lib/gcc/arm-none-eabi/10.3.1/../../../arm-none-eabi/lib/thumb/v6-m/nofp/libc_nano.a(lib_a-fwalk.o)
                                        0x51d (size before relaxing)
 .debug_str     0x000000000005ff9d       0x9c /usr/lib/gcc/arm-none-eabi/10.3.1/../../../arm-none-eabi/lib/thumb/v6-m/nofp/libc_nano.a(lib_a-impure.o)
                                        0x557 (size before relaxing)
 .debug_str     0x0000000000060039       0x6c /usr/lib/gcc/arm-none-eabi/10.3.1/../../../arm-none-eabi/lib/thumb/v6-m/nofp/libc_nano.a(lib_a-makebuf.o)
                                        0x699 (size before relaxing)
 .debug_str     0x00000000000600a5      0x112 /usr/lib/gcc/arm-none-eabi/10.3.1/../../../arm-none-eabi/lib/thumb/v6-m/nofp/libc_nano.a(lib_a-nano-freer.o)
                                        0x58e (size before relaxing)
 .debug_str     0x00000000000601b7       0x46 /usr/lib/gcc/arm-none-eabi/10.3.1/../../../arm-none-eabi/lib/thumb/v6-m/nofp/libc_nano.a(lib_a-nano-mallocr.o)
                                        0x5b9 (size before relaxing)
 .debug_str     0x00000000000601fd       0x32 /usr/lib/gcc/arm-none-eabi/10.3.1/../../../arm-none-eabi/lib/thumb/v6-m/nofp/libc_nano.a(lib_a-sbrkr.o)
                                        0x50f (size before relaxing)
 .debug_str     0x000000000006022f       0x92 /usr/lib/gcc/arm-none-eabi/10.3.1/../../../arm-none-eabi/lib/thumb/v6-m/nofp/libc_nano.a(lib_a-stdio.o)
                                        0x56c (size before relaxing)
 .debug_str     0x00000000000602c1       0x33 /usr/lib/gcc/arm-none-eabi/10.3.1/../../../arm-none-eabi/lib/thumb/v6-m/nofp/libc_nano.a(lib_a-writer.o)
                                        0x50c (size before relaxing)
 .debug_str     0x00000000000602f4       0x33 /usr/lib/gcc/arm-none-eabi/10.3.1/../../../arm-none-eabi/lib/thumb/v6-m/nofp/libc_nano.a(lib_a-closer.o)
                                        0x4fc (size before relaxing)
 .debug_str     0x0000000000060327       0x39 /usr/lib/gcc/arm-none-eabi/10.3.1/../../../arm-none-eabi/lib/thumb/v6-m/nofp/libc_nano.a(lib_a-fstatr.o)
                                        0x64e (size before relaxing)
 .debug_str     0x0000000000060360       0x34 /usr/lib/gcc/arm-none-eabi/10.3.1/../../../arm-none-eabi/lib/thumb/v6-m/nofp/libc_nano.a(lib_a-isattyr.o)
                                        0x506 (size before relaxing)
 .debug_str     0x0000000000060394       0x33 /usr/lib/gcc/arm-none-eabi/10.3.1/../../../arm-none-eabi/lib/thumb/v6-m/nofp/libc_nano.a(lib_a-lseekr.o)
                                        0x50a (size before relaxing)
 .debug_str     0x00000000000603c7       0x4c /usr/lib/gcc/arm-none-eabi/10.3.1/../../../arm-none-eabi/lib/thumb/v6-m/nofp/libc_nano.a(lib_a-mlock.o)
                                        0x525 (size before relaxing)
 .debug_str     0x0000000000060413       0x32 /usr/lib/gcc/arm-none-eabi/10.3.1/../../../arm-none-eabi/lib/thumb/v6-m/nofp/libc_nano.a(lib_a-readr.o)
                                        0x50a (size before relaxing)
 .debug_str     0x0000000000060445       0x5e /usr/lib/gcc/arm-none-eabi/10.3.1/../../../arm-none-eabi/lib/thumb/v6-m/nofp/libc_nano.a(lib_a-reent.o)
                                        0x537 (size before relaxing)

.comment        0x0000000000000000       0x33
 .comment       0x0000000000000000       0x33 /tmp/ccSspLXG.o
                                         0x34 (size before relaxing)
 .comment       0x0000000000000033       0x34 /tmp/ccYrhoir.o
 .comment       0x0000000000000033       0x34 /usr/lib/gcc/arm-none-eabi/10.3.1/../../../arm-none-eabi/lib/thumb/v6-m/nofp/libc_nano.a(lib_a-init.o)
 .comment       0x0000000000000033       0x34 /usr/lib/gcc/arm-none-eabi/10.3.1/../../../arm-none-eabi/lib/thumb/v6-m/nofp/libc_nano.a(lib_a-memcpy-stub.o)
 .comment       0x0000000000000033       0x34 /usr/lib/gcc/arm-none-eabi/10.3.1/../../../arm-none-eabi/lib/thumb/v6-m/nofp/libc_nano.a(lib_a-memset.o)
 .comment       0x0000000000000033       0x34 /usr/lib/gcc/arm-none-eabi/10.3.1/../../../arm-none-eabi/lib/thumb/v6-m/nofp/libc_nano.a(lib_a-puts.o)
 .comment       0x0000000000000033       0x34 /usr/lib/gcc/arm-none-eabi/10.3.1/../../../arm-none-eabi/lib/thumb/v6-m/nofp/libc_nano.a(lib_a-wbuf.o)
 .comment       0x0000000000000033       0x34 /usr/lib/gcc/arm-none-eabi/10.3.1/../../../arm-none-eabi/lib/thumb/v6-m/nofp/libc_nano.a(lib_a-wsetup.o)
 .comment       0x0000000000000033       0x34 /usr/lib/gcc/arm-none-eabi/10.3.1/../../../arm-none-eabi/lib/thumb/v6-m/nofp/libc_nano.a(lib_a-fflush.o)
 .comment       0x0000000000000033       0x34 /usr/lib/gcc/arm-none-eabi/10.3.1/../../../arm-none-eabi/lib/thumb/v6-m/nofp/libc_nano.a(lib_a-findfp.o)
 .comment       0x0000000000000033       0x34 /usr/lib/gcc/arm-none-eabi/10.3.1/../../../arm-none-eabi/lib/thumb/v6-m/nofp/libc_nano.a(lib_a-fwalk.o)
 .comment       0x0000000000000033       0x34 /usr/lib/gcc/arm-none-eabi/10.3.1/../../../arm-none-eabi/lib/thumb/v6-m/nofp/libc_nano.a(lib_a-impure.o)
 .comment       0x0000000000000033       0x34 /usr/lib/gcc/arm-none-eabi/10.3.1/../../../arm-none-eabi/lib/thumb/v6-m/nofp/libc_nano.a(lib_a-makebuf.o)
 .comment       0x0000000000000033       0x34 /usr/lib/gcc/arm-none-eabi/10.3.1/../../../arm-none-eabi/lib/thumb/v6-m/nofp/libc_nano.a(lib_a-nano-freer.o)
 .comment       0x0000000000000033       0x34 /usr/lib/gcc/arm-none-eabi/10.3.1/../../../arm-none-eabi/lib/thumb/v6-m/nofp/libc_nano.a(lib_a-nano-mallocr.o)
 .comment       0x0000000000000033       0x34 /usr/lib/gcc/arm-none-eabi/10.3.1/../../../arm-none-eabi/lib/thumb/v6-m/nofp/libc_nano.a(lib_a-sbrkr.o)
 .comment       0x0000000000000033       0x34 /usr/lib/gcc/arm-none-eabi/10.3.1/../../../arm-none-eabi/lib/thumb/v6-m/nofp/libc_nano.a(lib_a-stdio.o)
 .comment       0x0000000000000033       0x34 /usr/lib/gcc/arm-none-eabi/10.3.1/../../../arm-none-eabi/lib/thumb/v6-m/nofp/libc_nano.a(lib_a-writer.o)
 .comment       0x0000000000000033       0x34 /usr/lib/gcc/arm-none-eabi/10.3.1/../../../arm-none-eabi/lib/thumb/v6-m/nofp/libc_nano.a(lib_a-closer.o)
 .comment       0x0000000000000033       0x34 /usr/lib/gcc/arm-none-eabi/10.3.1/../../../arm-none-eabi/lib/thumb/v6-m/nofp/libc_nano.a(lib_a-fstatr.o)
 .comment       0x0000000000000033       0x34 /usr/lib/gcc/arm-none-eabi/10.3.1/../../../arm-none-eabi/lib/thumb/v6-m/nofp/libc_nano.a(lib_a-isattyr.o)
 .comment       0x0000000000000033       0x34 /usr/lib/gcc/arm-none-eabi/10.3.1/../../../arm-none-eabi/lib/thumb/v6-m/nofp/libc_nano.a(lib_a-lseekr.o)
 .comment       0x0000000000000033       0x34 /usr/lib/gcc/arm-none-eabi/10.3.1/../../../arm-none-eabi/lib/thumb/v6-m/nofp/libc_nano.a(lib_a-mlock.o)
 .comment       0x0000000000000033       0x34 /usr/lib/gcc/arm-none-eabi/10.3.1/../../../arm-none-eabi/lib/thumb/v6-m/nofp/libc_nano.a(lib_a-readr.o)
 .comment       0x0000000000000033       0x34 /usr/lib/gcc/arm-none-eabi/10.3.1/../../../arm-none-eabi/lib/thumb/v6-m/nofp/libc_nano.a(lib_a-reent.o)

.ARM.attributes
                0x0000000000000000       0x2a
 .ARM.attributes
                0x0000000000000000       0x2c /tmp/ccSspLXG.o
 .ARM.attributes
                0x000000000000002c       0x2c /tmp/ccYrhoir.o
 .ARM.attributes
                0x0000000000000058       0x21 /tmp/cci1HCYJ.o
 .ARM.attributes
                0x0000000000000079       0x2c /usr/lib/gcc/arm-none-eabi/10.3.1/../../../arm-none-eabi/lib/thumb/v6-m/nofp/libc_nano.a(lib_a-init.o)
 .ARM.attributes
                0x00000000000000a5       0x2c /usr/lib/gcc/arm-none-eabi/10.3.1/../../../arm-none-eabi/lib/thumb/v6-m/nofp/libc_nano.a(lib_a-memcpy-stub.o)
 .ARM.attributes
                0x00000000000000d1       0x2c /usr/lib/gcc/arm-none-eabi/10.3.1/../../../arm-none-eabi/lib/thumb/v6-m/nofp/libc_nano.a(lib_a-memset.o)
 .ARM.attributes
                0x00000000000000fd       0x2c /usr/lib/gcc/arm-none-eabi/10.3.1/../../../arm-none-eabi/lib/thumb/v6-m/nofp/libc_nano.a(lib_a-puts.o)
 .ARM.attributes
                0x0000000000000129       0x2c /usr/lib/gcc/arm-none-eabi/10.3.1/../../../arm-none-eabi/lib/thumb/v6-m/nofp/libc_nano.a(lib_a-wbuf.o)
 .ARM.attributes
                0x0000000000000155       0x2c /usr/lib/gcc/arm-none-eabi/10.3.1/../../../arm-none-eabi/lib/thumb/v6-m/nofp/libc_nano.a(lib_a-wsetup.o)
 .ARM.attributes
                0x0000000000000181       0x2c /usr/lib/gcc/arm-none-eabi/10.3.1/../../../arm-none-eabi/lib/thumb/v6-m/nofp/libc_nano.a(lib_a-fflush.o)
 .ARM.attributes
                0x00000000000001ad       0x2c /usr/lib/gcc/arm-none-eabi/10.3.1/../../../arm-none-eabi/lib/thumb/v6-m/nofp/libc_nano.a(lib_a-findfp.o)
 .ARM.attributes
                0x00000000000001d9       0x2c /usr/lib/gcc/arm-none-eabi/10.3.1/../../../arm-none-eabi/lib/thumb/v6-m/nofp/libc_nano.a(lib_a-fwalk.o)
 .ARM.attributes
                0x0000000000000205       0x2c /usr/lib/gcc/arm-none-eabi/10.3.1/../../../arm-none-eabi/lib/thumb/v6-m/nofp/libc_nano.a(lib_a-impure.o)
 .ARM.attributes
                0x0000000000000231       0x2c /usr/lib/gcc/arm-none-eabi/10.3.1/../../../arm-none-eabi/lib/thumb/v6-m/nofp/libc_nano.a(lib_a-makebuf.o)
 .ARM.attributes
                0x000000000000025d       0x2c /usr/lib/gcc/arm-none-eabi/10.3.1/../../../arm-none-eabi/lib/thumb/v6-m/nofp/libc_nano.a(lib_a-nano-freer.o)
 .ARM.attributes
                0x0000000000000289       0x2c /usr/lib/gcc/arm-none-eabi/10.3.1/../../../arm-none-eabi/lib/thumb/v6-m/nofp/libc_nano.a(lib_a-nano-mallocr.o)
 .ARM.attributes
                0x00000000000002b5       0x2c /usr/lib/gcc/arm-none-eabi/10.3.1/../../../arm-none-eabi/lib/thumb/v6-m/nofp/libc_nano.a(lib_a-sbrkr.o)
 .ARM.attributes
                0x00000000000002e1       0x2c /usr/lib/gcc/arm-none-eabi/10.3.1/../../../arm-none-eabi/lib/thumb/v6-m/nofp/libc_nano.a(lib_a-stdio.o)
 .ARM.attributes
                0x000000000000030d       0x2c /usr/lib/gcc/arm-none-eabi/10.3.1/../../../arm-none-eabi/lib/thumb/v6-m/nofp/libc_nano.a(lib_a-writer.o)
 .ARM.attributes
                0x0000000000000339       0x2c /usr/lib/gcc/arm-none-eabi/10.3.1/../../../arm-none-eabi/lib/thumb/v6-m/nofp/libc_nano.a(lib_a-closer.o)
 .ARM.attributes
                0x0000000000000365       0x2c /usr/lib/gcc/arm-none-eabi/10.3.1/../../../arm-none-eabi/lib/thumb/v6-m/nofp/libc_nano.a(lib_a-fstatr.o)
 .ARM.attributes
                0x0000000000000391       0x2c /usr/lib/gcc/arm-none-eabi/10.3.1/../../../arm-none-eabi/lib/thumb/v6-m/nofp/libc_nano.a(lib_a-isattyr.o)
 .ARM.attributes
                0x00000000000003bd       0x2c /usr/lib/gcc/arm-none-eabi/10.3.1/../../../arm-none-eabi/lib/thumb/v6-m/nofp/libc_nano.a(lib_a-lseekr.o)
 .ARM.attributes
                0x00000000000003e9       0x2c /usr/lib/gcc/arm-none-eabi/10.3.1/../../../arm-none-eabi/lib/thumb/v6-m/nofp/libc_nano.a(lib_a-mlock.o)
 .ARM.attributes
                0x0000000000000415       0x2c /usr/lib/gcc/arm-none-eabi/10.3.1/../../../arm-none-eabi/lib/thumb/v6-m/nofp/libc_nano.a(lib_a-readr.o)
 .ARM.attributes
                0x0000000000000441       0x2c /usr/lib/gcc/arm-none-eabi/10.3.1/../../../arm-none-eabi/lib/thumb/v6-m/nofp/libc_nano.a(lib_a-reent.o)

.debug_frame    0x0000000000000000      0x7dc
 .debug_frame   0x0000000000000000       0x6c /tmp/ccSspLXG.o
 .debug_frame   0x000000000000006c      0x11c /tmp/ccYrhoir.o
 .debug_frame   0x0000000000000188       0x2c /usr/lib/gcc/arm-none-eabi/10.3.1/../../../arm-none-eabi/lib/thumb/v6-m/nofp/libc_nano.a(lib_a-init.o)
 .debug_frame   0x00000000000001b4       0x34 /usr/lib/gcc/arm-none-eabi/10.3.1/../../../arm-none-eabi/lib/thumb/v6-m/nofp/libc_nano.a(lib_a-memcpy-stub.o)
 .debug_frame   0x00000000000001e8       0x30 /usr/lib/gcc/arm-none-eabi/10.3.1/../../../arm-none-eabi/lib/thumb/v6-m/nofp/libc_nano.a(lib_a-memset.o)
 .debug_frame   0x0000000000000218       0x44 /usr/lib/gcc/arm-none-eabi/10.3.1/../../../arm-none-eabi/lib/thumb/v6-m/nofp/libc_nano.a(lib_a-puts.o)
 .debug_frame   0x000000000000025c       0x48 /usr/lib/gcc/arm-none-eabi/10.3.1/../../../arm-none-eabi/lib/thumb/v6-m/nofp/libc_nano.a(lib_a-wbuf.o)
 .debug_frame   0x00000000000002a4       0x2c /usr/lib/gcc/arm-none-eabi/10.3.1/../../../arm-none-eabi/lib/thumb/v6-m/nofp/libc_nano.a(lib_a-wsetup.o)
 .debug_frame   0x00000000000002d0       0x6c /usr/lib/gcc/arm-none-eabi/10.3.1/../../../arm-none-eabi/lib/thumb/v6-m/nofp/libc_nano.a(lib_a-fflush.o)
 .debug_frame   0x000000000000033c      0x154 /usr/lib/gcc/arm-none-eabi/10.3.1/../../../arm-none-eabi/lib/thumb/v6-m/nofp/libc_nano.a(lib_a-findfp.o)
 .debug_frame   0x0000000000000490       0x5c /usr/lib/gcc/arm-none-eabi/10.3.1/../../../arm-none-eabi/lib/thumb/v6-m/nofp/libc_nano.a(lib_a-fwalk.o)
 .debug_frame   0x00000000000004ec       0x50 /usr/lib/gcc/arm-none-eabi/10.3.1/../../../arm-none-eabi/lib/thumb/v6-m/nofp/libc_nano.a(lib_a-makebuf.o)
 .debug_frame   0x000000000000053c       0x2c /usr/lib/gcc/arm-none-eabi/10.3.1/../../../arm-none-eabi/lib/thumb/v6-m/nofp/libc_nano.a(lib_a-nano-freer.o)
 .debug_frame   0x0000000000000568       0x30 /usr/lib/gcc/arm-none-eabi/10.3.1/../../../arm-none-eabi/lib/thumb/v6-m/nofp/libc_nano.a(lib_a-nano-mallocr.o)
 .debug_frame   0x0000000000000598       0x2c /usr/lib/gcc/arm-none-eabi/10.3.1/../../../arm-none-eabi/lib/thumb/v6-m/nofp/libc_nano.a(lib_a-sbrkr.o)
 .debug_frame   0x00000000000005c4       0x90 /usr/lib/gcc/arm-none-eabi/10.3.1/../../../arm-none-eabi/lib/thumb/v6-m/nofp/libc_nano.a(lib_a-stdio.o)
 .debug_frame   0x0000000000000654       0x2c /usr/lib/gcc/arm-none-eabi/10.3.1/../../../arm-none-eabi/lib/thumb/v6-m/nofp/libc_nano.a(lib_a-writer.o)
 .debug_frame   0x0000000000000680       0x2c /usr/lib/gcc/arm-none-eabi/10.3.1/../../../arm-none-eabi/lib/thumb/v6-m/nofp/libc_nano.a(lib_a-closer.o)
 .debug_frame   0x00000000000006ac       0x2c /usr/lib/gcc/arm-none-eabi/10.3.1/../../../arm-none-eabi/lib/thumb/v6-m/nofp/libc_nano.a(lib_a-fstatr.o)
 .debug_frame   0x00000000000006d8       0x2c /usr/lib/gcc/arm-none-eabi/10.3.1/../../../arm-none-eabi/lib/thumb/v6-m/nofp/libc_nano.a(lib_a-isattyr.o)
 .debug_frame   0x0000000000000704       0x2c /usr/lib/gcc/arm-none-eabi/10.3.1/../../../arm-none-eabi/lib/thumb/v6-m/nofp/libc_nano.a(lib_a-lseekr.o)
 .debug_frame   0x0000000000000730       0x30 /usr/lib/gcc/arm-none-eabi/10.3.1/../../../arm-none-eabi/lib/thumb/v6-m/nofp/libc_nano.a(lib_a-mlock.o)
 .debug_frame   0x0000000000000760       0x2c /usr/lib/gcc/arm-none-eabi/10.3.1/../../../arm-none-eabi/lib/thumb/v6-m/nofp/libc_nano.a(lib_a-readr.o)
 .debug_frame   0x000000000000078c       0x50 /usr/lib/gcc/arm-none-eabi/10.3.1/../../../arm-none-eabi/lib/thumb/v6-m/nofp/libc_nano.a(lib_a-reent.o)
